 Stringz

 Timestamp is 5fdd5653 (Fri Dec 18 19:24:35 2020)

 Preferred load address is 10000000

 Start         Length     Name                   Class
 0001:00000000 00010000H .textbss                DATA
 0002:00000000 00019370H .text$mn                CODE
 0002:00019370 00001fafH .text$x                 CODE
 0003:00000000 00000104H .CRT$XCA                DATA
 0003:00000104 00000104H .CRT$XCZ                DATA
 0003:00000208 00000104H .CRT$XIA                DATA
 0003:0000030c 00000104H .CRT$XIZ                DATA
 0003:00000410 00000104H .CRT$XPA                DATA
 0003:00000514 00000104H .CRT$XPZ                DATA
 0003:00000618 00000104H .CRT$XTA                DATA
 0003:0000071c 00000104H .CRT$XTZ                DATA
 0003:00000820 00001f60H .rdata                  DATA
 0003:00002780 00000104H .rdata$CastGuardVftablesA DATA
 0003:00002884 00000104H .rdata$CastGuardVftablesC DATA
 0003:00002988 00000598H .rdata$r                DATA
 0003:00002f20 00000174H .rdata$zzzdbg           DATA
 0003:00003094 00000104H .rtc$IAA                DATA
 0003:00003198 0000010cH .rtc$IMZ                DATA
 0003:000032a4 00000104H .rtc$IZZ                DATA
 0003:000033a8 00000104H .rtc$TAA                DATA
 0003:000034ac 0000010cH .rtc$TMZ                DATA
 0003:000035b8 00000108H .rtc$TZZ                DATA
 0003:000036c0 00000f60H .xdata$x                DATA
 0003:00004620 0000181cH .edata                  DATA
 0004:00000000 00000140H .data                   DATA
 0004:00000140 000001e8H .data$r                 DATA
 0004:00000328 000002a0H .data$rs                DATA
 0004:000005c8 0000045cH .bss                    DATA
 0005:00000000 00000258H .idata$5                DATA
 0005:00000258 00000050H .idata$2                DATA
 0005:000002a8 00000014H .idata$3                DATA
 0005:000002bc 00000258H .idata$4                DATA
 0005:00000514 00000abaH .idata$6                DATA
 0006:00000000 0000015dH .msvcjmc                DATA
 0007:00000000 00000109H .00cfg                  DATA
 0008:00000000 00000170H .rsrc$01                DATA
 0008:00000170 000001b6H .rsrc$02                DATA

  Address         Publics by Value              Rva+Base       Lib:Object

 0000:00000000       ___hybrid_code_map         00000000     <absolute>
 0000:00000000       ___guard_fids_table        00000000     <absolute>
 0000:00000000       ___enclave_config          00000000     <absolute>
 0000:00000000       ___hybrid_auxiliary_iat    00000000     <absolute>
 0000:00000000       ___guard_iat_count         00000000     <absolute>
 0000:00000000       ___dynamic_value_reloc_table 00000000     <absolute>
 0000:00000000       ___guard_eh_cont_count     00000000     <absolute>
 0000:00000000       ___arm64x_redirection_metadata_count 00000000     <absolute>
 0000:00000000       ___hybrid_code_map_count   00000000     <absolute>
 0000:00000000       ___guard_fids_count        00000000     <absolute>
 0000:00000000       ___safe_se_handler_count   00000000     <absolute>
 0000:00000000       ___guard_eh_cont_table     00000000     <absolute>
 0000:00000000       ___arm64x_redirection_metadata 00000000     <absolute>
 0000:00000000       ___guard_longjmp_table     00000000     <absolute>
 0000:00000000       ___AbsoluteZero            00000000     <absolute>
 0000:00000000       ___safe_se_handler_table   00000000     <absolute>
 0000:00000000       ___arm64x_extra_rfe_table  00000000     <absolute>
 0000:00000000       ___arm64x_extra_rfe_table_size 00000000     <absolute>
 0000:00000000       ___volatile_metadata       00000000     <absolute>
 0000:00000000       ___guard_longjmp_count     00000000     <absolute>
 0000:00000000       ___arm64x_native_entrypoint 00000000     <absolute>
 0000:00000000       ___guard_iat_table         00000000     <absolute>
 0000:00000000       ___x64_code_ranges_to_entry_points 00000000     <absolute>
 0000:00000000       ___x64_code_ranges_to_entry_points_count 00000000     <absolute>
 0000:00000100       ___guard_flags             00000100     <absolute>
 0000:00000000       ___ImageBase               10000000     <linker-defined>
 0001:00000000       __enc$textbss$begin        10001000     <linker-defined>
 0001:00010000       __enc$textbss$end          10011000     <linker-defined>
 0002:00001780       _DllMain@12                10012780 f   dllmain.obj
 0002:000017e0       __JustMyCode_Default       100127e0 f i dllmain.obj
 0002:000017f0       ??$?0$$V@?$_Compressed_pair@V?$allocator@D@std@@V?$_String_val@U?$_Simple_types@D@std@@@2@$00@std@@QAE@U_Zero_then_variadic_args_t@1@@Z 100127f0 f i Utility.obj
 0002:00001860       ??$?0$$V@?$_Compressed_pair@V?$allocator@H@std@@V?$_Vector_val@U?$_Simple_types@H@std@@@2@$00@std@@QAE@U_Zero_then_variadic_args_t@1@@Z 10012860 f i Utility.obj
 0002:000018d0       ??$?0$$V@?$_Compressed_pair@V?$allocator@V?$basic_string@DU?$char_traits@D@std@@V?$allocator@D@2@@std@@@std@@V?$_Vector_val@U?$_Simple_types@V?$basic_string@DU?$char_traits@D@std@@V?$allocator@D@2@@std@@@std@@@2@$00@std@@QAE@U_Zero_then_variadic_args_t@1@@Z 100128d0 f i Utility.obj
 0002:00001940       ??$?0$$V@?$_Compressed_pair@V?$allocator@_W@std@@V?$_String_val@U?$_Simple_types@_W@std@@@2@$00@std@@QAE@U_Zero_then_variadic_args_t@1@@Z 10012940 f i Utility.obj
 0002:000019b0       ??$?0AAV?$allocator@D@std@@$$V@?$_Compressed_pair@V?$allocator@D@std@@V?$_String_val@U?$_Simple_types@D@std@@@2@$00@std@@QAE@U_One_then_variadic_args_t@1@AAV?$allocator@D@1@@Z 100129b0 f i Utility.obj
 0002:00001a20       ??$?0ABV?$allocator@D@std@@$$V@?$_Compressed_pair@V?$allocator@D@std@@V?$_String_val@U?$_Simple_types@D@std@@@2@$00@std@@QAE@U_One_then_variadic_args_t@1@ABV?$allocator@D@1@@Z 10012a20 f i Utility.obj
 0002:00001a90       ??$?0D@?$allocator@U_Container_proxy@std@@@std@@QAE@ABV?$allocator@D@1@@Z 10012a90 f i Utility.obj
 0002:00001af0       ??$?0H@?$allocator@U_Container_proxy@std@@@std@@QAE@ABV?$allocator@H@1@@Z 10012af0 f i Utility.obj
 0002:00001b50       ??$?0V?$allocator@D@std@@$$V@?$_Compressed_pair@V?$allocator@D@std@@V?$_String_val@U?$_Simple_types@D@std@@@2@$00@std@@QAE@U_One_then_variadic_args_t@1@$$QAV?$allocator@D@1@@Z 10012b50 f i Utility.obj
 0002:00001bc0       ??$?0V?$allocator@H@std@@$$V@?$_Compressed_pair@V?$allocator@H@std@@V?$_Vector_val@U?$_Simple_types@H@std@@@2@$00@std@@QAE@U_One_then_variadic_args_t@1@$$QAV?$allocator@H@1@@Z 10012bc0 f i Utility.obj
 0002:00001c30       ??$?0V?$allocator@V?$basic_string@DU?$char_traits@D@std@@V?$allocator@D@2@@std@@@std@@$$V@?$_Compressed_pair@V?$allocator@V?$basic_string@DU?$char_traits@D@std@@V?$allocator@D@2@@std@@@std@@V?$_Vector_val@U?$_Simple_types@V?$basic_string@DU?$char_traits@D@std@@V?$allocator@D@2@@std@@@std@@@2@$00@std@@QAE@U_One_then_variadic_args_t@1@$$QAV?$allocator@V?$basic_string@DU?$char_traits@D@std@@V?$allocator@D@2@@std@@@1@@Z 10012c30 f i Utility.obj
 0002:00001ca0       ??$?0V?$allocator@_W@std@@$$V@?$_Compressed_pair@V?$allocator@_W@std@@V?$_String_val@U?$_Simple_types@_W@std@@@2@$00@std@@QAE@U_One_then_variadic_args_t@1@$$QAV?$allocator@_W@1@@Z 10012ca0 f i Utility.obj
 0002:00001d10       ??$?0V?$basic_string@DU?$char_traits@D@std@@V?$allocator@D@2@@std@@@?$allocator@U_Container_proxy@std@@@std@@QAE@ABV?$allocator@V?$basic_string@DU?$char_traits@D@std@@V?$allocator@D@2@@std@@@1@@Z 10012d10 f i Utility.obj
 0002:00001d70       ??$?0V?$codecvt_utf8@_W$0BAPPPP@$0A@@std@@@locale@std@@QAE@ABV01@PBV?$codecvt_utf8@_W$0BAPPPP@$0A@@1@@Z 10012d70 f i Utility.obj
 0002:00001e70       ??$?0_W@?$allocator@U_Container_proxy@std@@@std@@QAE@ABV?$allocator@_W@1@@Z 10012e70 f i Utility.obj
 0002:00001ed0       ??$?HDU?$char_traits@D@std@@V?$allocator@D@1@@std@@YA?AV?$basic_string@DU?$char_traits@D@std@@V?$allocator@D@2@@0@$$QAV10@0@Z 10012ed0 f i Utility.obj
 0002:00002000       ??$?HDU?$char_traits@D@std@@V?$allocator@D@1@@std@@YA?AV?$basic_string@DU?$char_traits@D@std@@V?$allocator@D@2@@0@ABV10@0@Z 10013000 f i Utility.obj
 0002:00002120       ??$_Adl_verify_range@PBDPBD@std@@YAXABQBD0@Z 10013120 f i Utility.obj
 0002:00002190       ??$_Alloc_proxy@V?$allocator@U_Container_proxy@std@@@std@@@_Container_base12@std@@QAEX$$QAV?$allocator@U_Container_proxy@std@@@1@@Z 10013190 f i Utility.obj
 0002:00002240       ??$_Allocate@$07U_Default_allocate_traits@std@@$0A@@std@@YAPAXI@Z 10013240 f i Utility.obj
 0002:000022d0       ??$_Allocate_manually_vector_aligned@U_Default_allocate_traits@std@@@std@@YAPAXI@Z 100132d0 f i Utility.obj
 0002:00002410       ??$_Allocators_equal@V?$allocator@D@std@@@std@@YA_NABV?$allocator@D@0@0@Z 10013410 f i Utility.obj
 0002:00002460       ??$_Codecvt_do_length@V?$codecvt_utf8@_W$0BAPPPP@$0A@@std@@DU_Mbstatet@@@std@@YAHABV?$codecvt_utf8@_W$0BAPPPP@$0A@@0@AAU_Mbstatet@@PBD2I@Z 10013460 f i Utility.obj
 0002:00002630       ??$_Construct_in_place@PADABQAD@std@@YAXAAPADABQAD@Z 10013630 f i Utility.obj
 0002:000026c0       ??$_Construct_in_place@PA_WABQA_W@std@@YAXAAPA_WABQA_W@Z 100136c0 f i Utility.obj
 0002:00002750       ??$_Construct_in_place@U_Container_proxy@std@@PAU_Container_base12@2@@std@@YAXAAU_Container_proxy@0@$$QAPAU_Container_base12@0@@Z 10013750 f i Utility.obj
 0002:000027e0       ??$_Convert_size@I@std@@YAII@Z 100137e0 f i Utility.obj
 0002:00002830       ??$_Copy_memmove@PAHPAH@std@@YAPAHPAH00@Z 10013830 f i Utility.obj
 0002:000028c0       ??$_Deallocate@$07$0A@@std@@YAXPAXI@Z 100138c0 f i Utility.obj
 0002:00002980       ??$_Deallocate_plain@V?$allocator@U_Container_proxy@std@@@std@@@std@@YAXAAV?$allocator@U_Container_proxy@std@@@0@QAU_Container_proxy@0@@Z 10013980 f i Utility.obj
 0002:00002a20       ??$_Delete_plain_internal@V?$allocator@U_Container_proxy@std@@@std@@@std@@YAXAAV?$allocator@U_Container_proxy@std@@@0@QAU_Container_proxy@0@@Z 10013a20 f i Utility.obj
 0002:00002a80       ??$_Destroy_in_place@PAD@std@@YAXAAPAD@Z 10013a80 f i Utility.obj
 0002:00002ad0       ??$_Destroy_in_place@PA_W@std@@YAXAAPA_W@Z 10013ad0 f i Utility.obj
 0002:00002b20       ??$_Destroy_range@V?$allocator@H@std@@@std@@YAXPAHQAHAAV?$allocator@H@0@@Z 10013b20 f i Utility.obj
 0002:00002b70       ??$_Destroy_range@V?$allocator@V?$basic_string@DU?$char_traits@D@std@@V?$allocator@D@2@@std@@@std@@@std@@YAXPAV?$basic_string@DU?$char_traits@D@std@@V?$allocator@D@2@@0@QAV10@AAV?$allocator@V?$basic_string@DU?$char_traits@D@std@@V?$allocator@D@2@@std@@@0@@Z 10013b70 f i Utility.obj
 0002:00002c30       ??$_Emplace_back@V?$basic_string@DU?$char_traits@D@std@@V?$allocator@D@2@@std@@@?$_Uninitialized_backout_al@V?$allocator@V?$basic_string@DU?$char_traits@D@std@@V?$allocator@D@2@@std@@@std@@@std@@QAEX$$QAV?$basic_string@DU?$char_traits@D@std@@V?$allocator@D@2@@1@@Z 10013c30 f i Utility.obj
 0002:00002cd0       ??$_Emplace_back_with_unused_capacity@ABH@?$vector@HV?$allocator@H@std@@@std@@AAE@ABH@Z 10013cd0 f i Utility.obj
 0002:00002db0       ??$_Emplace_back_with_unused_capacity@V?$basic_string@DU?$char_traits@D@std@@V?$allocator@D@2@@std@@@?$vector@V?$basic_string@DU?$char_traits@D@std@@V?$allocator@D@2@@std@@V?$allocator@V?$basic_string@DU?$char_traits@D@std@@V?$allocator@D@2@@std@@@2@@std@@AAE@$$QAV?$basic_string@DU?$char_traits@D@std@@V?$allocator@D@2@@1@@Z 10013db0 f i Utility.obj
 0002:00002e90       ??$_Emplace_reallocate@ABH@?$vector@HV?$allocator@H@std@@@std@@QAEPAHQAHABH@Z 10013e90 f i Utility.obj
 0002:00003150       ??$_Emplace_reallocate@V?$basic_string@DU?$char_traits@D@std@@V?$allocator@D@2@@std@@@?$vector@V?$basic_string@DU?$char_traits@D@std@@V?$allocator@D@2@@std@@V?$allocator@V?$basic_string@DU?$char_traits@D@std@@V?$allocator@D@2@@std@@@2@@std@@QAEPAV?$basic_string@DU?$char_traits@D@std@@V?$allocator@D@2@@1@QAV21@$$QAV21@@Z 10014150 f i Utility.obj
 0002:00003420       ??$_Get_size_of_n@$00@std@@YAII@Z 10014420 f i Utility.obj
 0002:00003480       ??$_Get_size_of_n@$01@std@@YAII@Z 10014480 f i Utility.obj
 0002:000034f0       ??$_Get_size_of_n@$03@std@@YAII@Z 100144f0 f i Utility.obj
 0002:00003570       ??$_Get_size_of_n@$07@std@@YAII@Z 10014570 f i Utility.obj
 0002:000035f0       ??$_Get_size_of_n@$0BM@@std@@YAII@Z 100145f0 f i Utility.obj
 0002:00003660       ??$_Get_unwrapped@ABQAH@std@@YA@ABQAH@Z 10014660 f i Utility.obj
 0002:000036c0       ??$_Get_unwrapped@ABQAV?$basic_string@DU?$char_traits@D@std@@V?$allocator@D@2@@std@@@std@@YA@ABQAV?$basic_string@DU?$char_traits@D@std@@V?$allocator@D@2@@0@@Z 100146c0 f i Utility.obj
 0002:00003720       ??$_Getvals@_W@?$time_get@DV?$istreambuf_iterator@DU?$char_traits@D@std@@@std@@@std@@IAEX_WABV_Locinfo@1@@Z 10014720 f i Utility.obj
 0002:000038b0       ??$_Getvals@_W@?$time_get@_WV?$istreambuf_iterator@_WU?$char_traits@_W@std@@@std@@@std@@IAEX_WABV_Locinfo@1@@Z 100148b0 f i Utility.obj
 0002:00003a40       ??$_Maklocstr@D@std@@YAPADPBDPADABU_Cvtvec@@@Z 10014a40 f i Utility.obj
 0002:00003b30       ??$_Maklocstr@_W@std@@YAPA_WPBDPA_WABU_Cvtvec@@@Z 10014b30 f i Utility.obj
 0002:00003d70       ??$_Pocma@V?$allocator@D@std@@@std@@YAXAAV?$allocator@D@0@0@Z 10014d70 f i Utility.obj
 0002:00003dd0       ??$_Reallocate_for@V<lambda_9366063389c5f42a00a5088cf24e69de>@@PBD@?$basic_string@DU?$char_traits@D@std@@V?$allocator@D@2@@std@@AAEAAV01@IV<lambda_9366063389c5f42a00a5088cf24e69de>@@PBD@Z 10014dd0 f i Utility.obj
 0002:00003f70       ??$_Reallocate_grow_by@V<lambda_15711c68e099a15a58f4d77303cb286d>@@D@?$basic_string@DU?$char_traits@D@std@@V?$allocator@D@2@@std@@AAEAAV01@IV<lambda_15711c68e099a15a58f4d77303cb286d>@@D@Z 10014f70 f i Utility.obj
 0002:00004180       ??$_Reallocate_grow_by@V<lambda_2fb699096920f2dc628cb0826b07831d>@@PB_WI@?$basic_string@_WU?$char_traits@_W@std@@V?$allocator@_W@2@@std@@AAEAAV01@IV<lambda_2fb699096920f2dc628cb0826b07831d>@@PB_WI@Z 10015180 f i Utility.obj
 0002:00004390       ??$_Reallocate_grow_by@V<lambda_38fb7828f6004e9a4c6a38bfc6df7f44>@@_W@?$basic_string@_WU?$char_traits@_W@std@@V?$allocator@_W@2@@std@@AAEAAV01@IV<lambda_38fb7828f6004e9a4c6a38bfc6df7f44>@@_W@Z 10015390 f i Utility.obj
 0002:000045a0       ??$_Reallocate_grow_by@V<lambda_ab246b20b9526e2ef7792587e4298a77>@@PBDI@?$basic_string@DU?$char_traits@D@std@@V?$allocator@D@2@@std@@AAEAAV01@IV<lambda_ab246b20b9526e2ef7792587e4298a77>@@PBDI@Z 100155a0 f i Utility.obj
 0002:000047b0       ??$_Reallocate_grow_by@V<lambda_c3135ae829aeedc0a8af1bd1e887c66a>@@I_W@?$basic_string@_WU?$char_traits@_W@std@@V?$allocator@_W@2@@std@@AAEAAV01@IV<lambda_c3135ae829aeedc0a8af1bd1e887c66a>@@I_W@Z 100157b0 f i Utility.obj
 0002:000049c0       ??$_Traits_find@U?$char_traits@D@std@@@std@@YAIQBDII0I@Z 100159c0 f i Utility.obj
 0002:00004ac0       ??$_Traits_find_ch@U?$char_traits@D@std@@@std@@YAIQBDIID@Z 10015ac0 f i Utility.obj
 0002:00004b50       ??$_Unfancy@D@std@@YAPADPAD@Z 10015b50 f i Utility.obj
 0002:00004ba0       ??$_Unfancy@H@std@@YAPAHPAH@Z 10015ba0 f i Utility.obj
 0002:00004bf0       ??$_Unfancy@U_Container_proxy@std@@@std@@YAPAU_Container_proxy@0@PAU10@@Z 10015bf0 f i Utility.obj
 0002:00004c40       ??$_Unfancy@V?$basic_string@DU?$char_traits@D@std@@V?$allocator@D@2@@std@@@std@@YAPAV?$basic_string@DU?$char_traits@D@std@@V?$allocator@D@2@@0@PAV10@@Z 10015c40 f i Utility.obj
 0002:00004c90       ??$_Unfancy@_W@std@@YAPA_WPA_W@Z 10015c90 f i Utility.obj
 0002:00004ce0       ??$_Uninitialized_move@PAHV?$allocator@H@std@@@std@@YAPAHQAH0PAHAAV?$allocator@H@0@@Z 10015ce0 f i Utility.obj
 0002:00004d90       ??$_Uninitialized_move@PAV?$basic_string@DU?$char_traits@D@std@@V?$allocator@D@2@@std@@V?$allocator@V?$basic_string@DU?$char_traits@D@std@@V?$allocator@D@2@@std@@@2@@std@@YAPAV?$basic_string@DU?$char_traits@D@std@@V?$allocator@D@2@@0@QAV10@0PAV10@AAV?$allocator@V?$basic_string@DU?$char_traits@D@std@@V?$allocator@D@2@@std@@@0@@Z 10015d90 f i Utility.obj
 0002:00004f10       ??$_Verify_range@D@std@@YAXQBD0@Z 10015f10 f i Utility.obj
 0002:00004fe0       ??$addressof@$$CBV?$_String_val@U?$_Simple_types@D@std@@@std@@@std@@YAPBV?$_String_val@U?$_Simple_types@D@std@@@0@ABV10@@Z 10015fe0 f i Utility.obj
 0002:00005030       ??$addressof@$$CBV?$_String_val@U?$_Simple_types@_W@std@@@std@@@std@@YAPBV?$_String_val@U?$_Simple_types@_W@std@@@0@ABV10@@Z 10016030 f i Utility.obj
 0002:00005080       ??$addressof@PAD@std@@YAPAPADAAPAD@Z 10016080 f i Utility.obj
 0002:000050d0       ??$addressof@PA_W@std@@YAPAPA_WAAPA_W@Z 100160d0 f i Utility.obj
 0002:00005120       ??$addressof@U_Container_base12@std@@@std@@YAPAU_Container_base12@0@AAU10@@Z 10016120 f i Utility.obj
 0002:00005170       ??$addressof@U_Container_proxy@std@@@std@@YAPAU_Container_proxy@0@AAU10@@Z 10016170 f i Utility.obj
 0002:000051c0       ??$addressof@V?$_String_val@U?$_Simple_types@D@std@@@std@@@std@@YAPAV?$_String_val@U?$_Simple_types@D@std@@@0@AAV10@@Z 100161c0 f i Utility.obj
 0002:00005210       ??$addressof@V?$_String_val@U?$_Simple_types@_W@std@@@std@@@std@@YAPAV?$_String_val@U?$_Simple_types@_W@std@@@0@AAV10@@Z 10016210 f i Utility.obj
 0002:00005260       ??$addressof@V?$basic_string@DU?$char_traits@D@std@@V?$allocator@D@2@@std@@@std@@YAPAV?$basic_string@DU?$char_traits@D@std@@V?$allocator@D@2@@0@AAV10@@Z 10016260 f i Utility.obj
 0002:000052b0       ??$construct@HABH@?$_Default_allocator_traits@V?$allocator@H@std@@@std@@SAXAAV?$allocator@H@1@QAHABH@Z 100162b0 f i Utility.obj
 0002:00005330       ??$construct@V?$basic_string@DU?$char_traits@D@std@@V?$allocator@D@2@@std@@V12@@?$_Default_allocator_traits@V?$allocator@V?$basic_string@DU?$char_traits@D@std@@V?$allocator@D@2@@std@@@std@@@std@@SAXAAV?$allocator@V?$basic_string@DU?$char_traits@D@std@@V?$allocator@D@2@@std@@@1@QAV?$basic_string@DU?$char_traits@D@std@@V?$allocator@D@2@@1@$$QAV31@@Z 10016330 f i Utility.obj
 0002:000053c0       ??$destroy@V?$basic_string@DU?$char_traits@D@std@@V?$allocator@D@2@@std@@@?$_Default_allocator_traits@V?$allocator@V?$basic_string@DU?$char_traits@D@std@@V?$allocator@D@2@@std@@@std@@@std@@SAXAAV?$allocator@V?$basic_string@DU?$char_traits@D@std@@V?$allocator@D@2@@std@@@1@QAV?$basic_string@DU?$char_traits@D@std@@V?$allocator@D@2@@1@@Z 100163c0 f i Utility.obj
 0002:00005420       ??$emplace_back@ABH@?$vector@HV?$allocator@H@std@@@std@@QAE@ABH@Z 10016420 f i Utility.obj
 0002:000054e0       ??$emplace_back@V?$basic_string@DU?$char_traits@D@std@@V?$allocator@D@2@@std@@@?$vector@V?$basic_string@DU?$char_traits@D@std@@V?$allocator@D@2@@std@@V?$allocator@V?$basic_string@DU?$char_traits@D@std@@V?$allocator@D@2@@std@@@2@@std@@QAE@$$QAV?$basic_string@DU?$char_traits@D@std@@V?$allocator@D@2@@1@@Z 100164e0 f i Utility.obj
 0002:000055a0       ??$exchange@PAU_Container_proxy@std@@$$T@std@@YAPAU_Container_proxy@0@AAPAU10@$$QA$$T@Z 100165a0 f i Utility.obj
 0002:00005610       ??$forward@AAV?$allocator@D@std@@@std@@YAAAV?$allocator@D@0@AAV10@@Z 10016610 f i Utility.obj
 0002:00005660       ??$forward@ABH@std@@YAABHABH@Z 10016660 f i Utility.obj
 0002:000056b0       ??$forward@ABQAD@std@@YAABQADABQAD@Z 100166b0 f i Utility.obj
 0002:00005700       ??$forward@ABQA_W@std@@YAABQA_WABQA_W@Z 10016700 f i Utility.obj
 0002:00005750       ??$forward@ABV?$allocator@D@std@@@std@@YAABV?$allocator@D@0@ABV10@@Z 10016750 f i Utility.obj
 0002:000057a0       ??$forward@PAU_Container_base12@std@@@std@@YA$$QAPAU_Container_base12@0@AAPAU10@@Z 100167a0 f i Utility.obj
 0002:000057f0       ??$forward@V?$allocator@D@std@@@std@@YA$$QAV?$allocator@D@0@AAV10@@Z 100167f0 f i Utility.obj
 0002:00005840       ??$forward@V?$allocator@H@std@@@std@@YA$$QAV?$allocator@H@0@AAV10@@Z 10016840 f i Utility.obj
 0002:00005890       ??$forward@V?$allocator@V?$basic_string@DU?$char_traits@D@std@@V?$allocator@D@2@@std@@@std@@@std@@YA$$QAV?$allocator@V?$basic_string@DU?$char_traits@D@std@@V?$allocator@D@2@@std@@@0@AAV10@@Z 10016890 f i Utility.obj
 0002:000058e0       ??$forward@V?$allocator@_W@std@@@std@@YA$$QAV?$allocator@_W@0@AAV10@@Z 100168e0 f i Utility.obj
 0002:00005930       ??$forward@V?$basic_string@DU?$char_traits@D@std@@V?$allocator@D@2@@std@@@std@@YA$$QAV?$basic_string@DU?$char_traits@D@std@@V?$allocator@D@2@@0@AAV10@@Z 10016930 f i Utility.obj
 0002:00005980       ??$max@I@std@@YAABIABI0@Z  10016980 f i Utility.obj
 0002:00005a10       ??$min@H@std@@YAABHABH0@Z  10016a10 f i Utility.obj
 0002:00005aa0       ??$min@I@std@@YAABIABI0@Z  10016aa0 f i Utility.obj
 0002:00005b30       ??$move@AAV?$allocator@D@std@@@std@@YA$$QAV?$allocator@D@0@AAV10@@Z 10016b30 f i Utility.obj
 0002:00005b80       ??$move@AAV?$allocator@H@std@@@std@@YA$$QAV?$allocator@H@0@AAV10@@Z 10016b80 f i Utility.obj
 0002:00005bd0       ??$move@AAV?$allocator@V?$basic_string@DU?$char_traits@D@std@@V?$allocator@D@2@@std@@@std@@@std@@YA$$QAV?$allocator@V?$basic_string@DU?$char_traits@D@std@@V?$allocator@D@2@@std@@@0@AAV10@@Z 10016bd0 f i Utility.obj
 0002:00005c20       ??$move@AAV?$allocator@_W@std@@@std@@YA$$QAV?$allocator@_W@0@AAV10@@Z 10016c20 f i Utility.obj
 0002:00005c70       ??$move@AAV?$basic_string@DU?$char_traits@D@std@@V?$allocator@D@2@@std@@@std@@YA$$QAV?$basic_string@DU?$char_traits@D@std@@V?$allocator@D@2@@0@AAV10@@Z 10016c70 f i Utility.obj
 0002:00005cc0       ??0?$_Container_proxy_ptr12@V?$allocator@U_Container_proxy@std@@@std@@@std@@QAE@AAV?$allocator@U_Container_proxy@std@@@1@AAU_Container_base12@1@@Z 10016cc0 f i Utility.obj
 0002:00005d80       ??0?$_String_val@U?$_Simple_types@D@std@@@std@@QAE@XZ 10016d80 f i Utility.obj
 0002:00005e10       ??0?$_String_val@U?$_Simple_types@_W@std@@@std@@QAE@XZ 10016e10 f i Utility.obj
 0002:00005ea0       ??0?$_Uninitialized_backout_al@V?$allocator@V?$basic_string@DU?$char_traits@D@std@@V?$allocator@D@2@@std@@@std@@@std@@QAE@PAV?$basic_string@DU?$char_traits@D@std@@V?$allocator@D@2@@1@AAV?$allocator@V?$basic_string@DU?$char_traits@D@std@@V?$allocator@D@2@@std@@@1@@Z 10016ea0 f i Utility.obj
 0002:00005f20       ??0?$_Vector_val@U?$_Simple_types@H@std@@@std@@QAE@XZ 10016f20 f i Utility.obj
 0002:00005fb0       ??0?$_Vector_val@U?$_Simple_types@V?$basic_string@DU?$char_traits@D@std@@V?$allocator@D@2@@std@@@std@@@std@@QAE@XZ 10016fb0 f i Utility.obj
 0002:00006040       ??0?$allocator@D@std@@QAE@XZ 10017040 f i Utility.obj
 0002:000060a0       ??0?$allocator@H@std@@QAE@XZ 100170a0 f i Utility.obj
 0002:00006100       ??0?$allocator@V?$basic_string@DU?$char_traits@D@std@@V?$allocator@D@2@@std@@@std@@QAE@XZ 10017100 f i Utility.obj
 0002:00006160       ??0?$allocator@_W@std@@QAE@XZ 10017160 f i Utility.obj
 0002:000061c0       ??0?$basic_string@DU?$char_traits@D@std@@V?$allocator@D@2@@std@@QAE@$$QAV01@@Z 100171c0 f i Utility.obj
 0002:000062d0       ??0?$basic_string@DU?$char_traits@D@std@@V?$allocator@D@2@@std@@QAE@ABV01@@Z 100172d0 f i Utility.obj
 0002:00006460       ??0?$basic_string@DU?$char_traits@D@std@@V?$allocator@D@2@@std@@QAE@ABV01@IIABV?$allocator@D@1@@Z 10017460 f i Utility.obj
 0002:000065f0       ??0?$basic_string@DU?$char_traits@D@std@@V?$allocator@D@2@@std@@QAE@QBD@Z 100175f0 f i Utility.obj
 0002:00006770       ??0?$basic_string@DU?$char_traits@D@std@@V?$allocator@D@2@@std@@QAE@U_String_constructor_concat_tag@1@AAV01@1@Z 10017770 f i Utility.obj
 0002:00006ca0       ??0?$basic_string@DU?$char_traits@D@std@@V?$allocator@D@2@@std@@QAE@U_String_constructor_concat_tag@1@ABV01@QBDI2I@Z 10017ca0 f i Utility.obj
 0002:00006f50       ??0?$basic_string@DU?$char_traits@D@std@@V?$allocator@D@2@@std@@QAE@V?$initializer_list@D@1@ABV?$allocator@D@1@@Z 10017f50 f i Utility.obj
 0002:000070f0       ??0?$basic_string@DU?$char_traits@D@std@@V?$allocator@D@2@@std@@QAE@XZ 100180f0 f i Utility.obj
 0002:000071d0       ??0?$basic_string@_WU?$char_traits@_W@std@@V?$allocator@_W@2@@std@@QAE@$$QAV01@@Z 100181d0 f i Utility.obj
 0002:000072e0       ??0?$basic_string@_WU?$char_traits@_W@std@@V?$allocator@_W@2@@std@@QAE@ABV01@@Z 100182e0 f i Utility.obj
 0002:00007470       ??0?$basic_string@_WU?$char_traits@_W@std@@V?$allocator@_W@2@@std@@QAE@XZ 10018470 f i Utility.obj
 0002:00007550       ??0?$codecvt_utf8@_W$0BAPPPP@$0A@@std@@QAE@I@Z 10018550 f i Utility.obj
 0002:000075d0       ??0?$initializer_list@D@std@@QAE@PBD0@Z 100185d0 f i Utility.obj
 0002:00007640       ??0?$vector@HV?$allocator@H@std@@@std@@QAE@$$QAV01@@Z 10018640 f i Utility.obj
 0002:00007750       ??0?$vector@HV?$allocator@H@std@@@std@@QAE@XZ 10018750 f i Utility.obj
 0002:00007820       ??0?$vector@V?$basic_string@DU?$char_traits@D@std@@V?$allocator@D@2@@std@@V?$allocator@V?$basic_string@DU?$char_traits@D@std@@V?$allocator@D@2@@std@@@2@@std@@QAE@$$QAV01@@Z 10018820 f i Utility.obj
 0002:00007930       ??0?$vector@V?$basic_string@DU?$char_traits@D@std@@V?$allocator@D@2@@std@@V?$allocator@V?$basic_string@DU?$char_traits@D@std@@V?$allocator@D@2@@std@@@2@@std@@QAE@XZ 10018930 f i Utility.obj
 0002:00007a00       ??0?$wstring_convert@V?$codecvt_utf8@_W$0BAPPPP@$0A@@std@@_WV?$allocator@_W@2@V?$allocator@D@2@@std@@QAE@XZ 10018a00 f i Utility.obj
 0002:00007b80       ??0_Bxty@?$_String_val@U?$_Simple_types@D@std@@@std@@QAE@XZ 10018b80 f i Utility.obj
 0002:00007be0       ??0_Bxty@?$_String_val@U?$_Simple_types@_W@std@@@std@@QAE@XZ 10018be0 f i Utility.obj
 0002:00007c40       ??0_Container_base12@std@@QAE@XZ 10018c40 f i Utility.obj
 0002:00007ca0       ??0_Container_proxy@std@@QAE@PAU_Container_base12@1@@Z 10018ca0 f i Utility.obj
 0002:00007d10       ??0bad_alloc@std@@AAE@QBD@Z 10018d10 f i Utility.obj
 0002:00007d90       ??0bad_alloc@std@@QAE@ABV01@@Z 10018d90 f i Utility.obj
 0002:00007e00       ??0bad_array_new_length@std@@QAE@ABV01@@Z 10018e00 f i Utility.obj
 0002:00007e70       ??0bad_array_new_length@std@@QAE@XZ 10018e70 f i Utility.obj
 0002:00007ee0       ??0exception@std@@QAE@ABV01@@Z 10018ee0 f i Utility.obj
 0002:00007f70       ??0exception@std@@QAE@QBD@Z 10018f70 f i Utility.obj
 0002:00008060       ??0exception@std@@QAE@QBDH@Z 10019060 f i Utility.obj
 0002:000080e0       ??0locale@std@@QAE@XZ      100190e0 f i Utility.obj
 0002:00008190       ??0range_error@std@@QAE@ABV01@@Z 10019190 f i Utility.obj
 0002:00008200       ??0range_error@std@@QAE@PBD@Z 10019200 f i Utility.obj
 0002:00008280       ??0runtime_error@std@@QAE@ABV01@@Z 10019280 f i Utility.obj
 0002:000082f0       ??0runtime_error@std@@QAE@PBD@Z 100192f0 f i Utility.obj
 0002:00008370       ??1?$_Compressed_pair@V?$allocator@D@std@@V?$_String_val@U?$_Simple_types@D@std@@@2@$00@std@@QAE@XZ 10019370 f i Utility.obj
 0002:000083c0       ??1?$_Compressed_pair@V?$allocator@_W@std@@V?$_String_val@U?$_Simple_types@_W@std@@@2@$00@std@@QAE@XZ 100193c0 f i Utility.obj
 0002:00008410       ??1?$_Container_proxy_ptr12@V?$allocator@U_Container_proxy@std@@@std@@@std@@QAE@XZ 10019410 f i Utility.obj
 0002:00008490       ??1?$_String_val@U?$_Simple_types@D@std@@@std@@QAE@XZ 10019490 f i Utility.obj
 0002:000084f0       ??1?$_String_val@U?$_Simple_types@_W@std@@@std@@QAE@XZ 100194f0 f i Utility.obj
 0002:00008550       ??1?$_Uninitialized_backout_al@V?$allocator@V?$basic_string@DU?$char_traits@D@std@@V?$allocator@D@2@@std@@@std@@@std@@QAE@XZ 10019550 f i Utility.obj
 0002:000085d0       ??1?$basic_string@DU?$char_traits@D@std@@V?$allocator@D@2@@std@@QAE@XZ 100195d0 f i Utility.obj
 0002:000086d0       ??1?$basic_string@_WU?$char_traits@_W@std@@V?$allocator@_W@2@@std@@QAE@XZ 100196d0 f i Utility.obj
 0002:000087d0       ??1?$codecvt_utf8@_W$0BAPPPP@$0A@@std@@UAE@XZ 100197d0 f i Utility.obj
 0002:00008850       ??1?$vector@HV?$allocator@H@std@@@std@@QAE@XZ 10019850 f i Utility.obj
 0002:00008950       ??1?$vector@V?$basic_string@DU?$char_traits@D@std@@V?$allocator@D@2@@std@@V?$allocator@V?$basic_string@DU?$char_traits@D@std@@V?$allocator@D@2@@std@@@2@@std@@QAE@XZ 10019950 f i Utility.obj
 0002:00008a50       ??1?$wstring_convert@V?$codecvt_utf8@_W$0BAPPPP@$0A@@std@@_WV?$allocator@_W@2@V?$allocator@D@2@@std@@UAE@XZ 10019a50 f i Utility.obj
 0002:00008ae0       ??1_Bxty@?$_String_val@U?$_Simple_types@D@std@@@std@@QAE@XZ 10019ae0 f i Utility.obj
 0002:00008b40       ??1_Bxty@?$_String_val@U?$_Simple_types@_W@std@@@std@@QAE@XZ 10019b40 f i Utility.obj
 0002:00008ba0       ??1bad_alloc@std@@UAE@XZ   10019ba0 f i Utility.obj
 0002:00008bf0       ??1bad_array_new_length@std@@UAE@XZ 10019bf0 f i Utility.obj
 0002:00008c40       ??1exception@std@@UAE@XZ   10019c40 f i Utility.obj
 0002:00008cb0       ??1locale@std@@QAE@XZ      10019cb0 f i Utility.obj
 0002:00008d80       ??1range_error@std@@UAE@XZ 10019d80 f i Utility.obj
 0002:00008dd0       ??1runtime_error@std@@UAE@XZ 10019dd0 f i Utility.obj
 0002:00008e20       ??2@YAPAXIPAX@Z            10019e20 f i Utility.obj
 0002:00008e70       ??4?$basic_string@DU?$char_traits@D@std@@V?$allocator@D@2@@std@@QAEAAV01@$$QAV01@@Z 10019e70 f i Utility.obj
 0002:00008f00       ??4locale@std@@QAEABV01@ABV01@@Z 10019f00 f i Utility.obj
 0002:00009010       ??A?$basic_string@DU?$char_traits@D@std@@V?$allocator@D@2@@std@@QAEAADI@Z 1001a010 f i Utility.obj
 0002:00009100       ??A?$basic_string@DU?$char_traits@D@std@@V?$allocator@D@2@@std@@QBEABDI@Z 1001a100 f i Utility.obj
 0002:000091f0       ??A?$basic_string@_WU?$char_traits@_W@std@@V?$allocator@_W@2@@std@@QAEAA_WI@Z 1001a1f0 f i Utility.obj
 0002:000092e0       ??A?$vector@V?$basic_string@DU?$char_traits@D@std@@V?$allocator@D@2@@std@@V?$allocator@V?$basic_string@DU?$char_traits@D@std@@V?$allocator@D@2@@std@@@2@@std@@QAEAAV?$basic_string@DU?$char_traits@D@std@@V?$allocator@D@2@@1@I@Z 1001a2e0 f i Utility.obj
 0002:000093f0       ??R<lambda_15711c68e099a15a58f4d77303cb286d>@@QBEXQADQBDID@Z 1001a3f0 f i Utility.obj
 0002:000094a0       ??R<lambda_2fb699096920f2dc628cb0826b07831d>@@QBEXQA_WQB_WI1I@Z 1001a4a0 f i Utility.obj
 0002:00009560       ??R<lambda_38fb7828f6004e9a4c6a38bfc6df7f44>@@QBEXQA_WQB_WI_W@Z 1001a560 f i Utility.obj
 0002:00009620       ??R<lambda_9366063389c5f42a00a5088cf24e69de>@@QBEXQADIQBD@Z 1001a620 f i Utility.obj
 0002:000096c0       ??R<lambda_ab246b20b9526e2ef7792587e4298a77>@@QBEXQADQBDI1I@Z 1001a6c0 f i Utility.obj
 0002:00009780       ??R<lambda_c3135ae829aeedc0a8af1bd1e887c66a>@@QBEXQA_WQB_WII_W@Z 1001a780 f i Utility.obj
 0002:00009840       ??Y?$basic_string@DU?$char_traits@D@std@@V?$allocator@D@2@@std@@QAEAAV01@ABV01@@Z 1001a840 f i Utility.obj
 0002:000098b0       ??Y?$basic_string@DU?$char_traits@D@std@@V?$allocator@D@2@@std@@QAEAAV01@D@Z 1001a8b0 f i Utility.obj
 0002:00009920       ??_G?$basic_string@DU?$char_traits@D@std@@V?$allocator@D@2@@std@@QAEPAXI@Z 1001a920 f i Utility.obj
 0002:00009990       ??_G?$codecvt_utf8@_W$0BAPPPP@$0A@@std@@UAEPAXI@Z 1001a990 f i Utility.obj
 0002:00009990       ??_E?$codecvt_utf8@_W$0BAPPPP@$0A@@std@@UAEPAXI@Z 1001a990 f i Utility.obj
 0002:00009a30       ??_E?$wstring_convert@V?$codecvt_utf8@_W$0BAPPPP@$0A@@std@@_WV?$allocator@_W@2@V?$allocator@D@2@@std@@UAEPAXI@Z 1001aa30 f i Utility.obj
 0002:00009a30       ??_G?$wstring_convert@V?$codecvt_utf8@_W$0BAPPPP@$0A@@std@@_WV?$allocator@_W@2@V?$allocator@D@2@@std@@UAEPAXI@Z 1001aa30 f i Utility.obj
 0002:00009aa0       ??_Ebad_alloc@std@@UAEPAXI@Z 1001aaa0 f i Utility.obj
 0002:00009aa0       ??_Gbad_alloc@std@@UAEPAXI@Z 1001aaa0 f i Utility.obj
 0002:00009b10       ??_Ebad_array_new_length@std@@UAEPAXI@Z 1001ab10 f i Utility.obj
 0002:00009b10       ??_Gbad_array_new_length@std@@UAEPAXI@Z 1001ab10 f i Utility.obj
 0002:00009b80       ??_Gexception@std@@UAEPAXI@Z 1001ab80 f i Utility.obj
 0002:00009b80       ??_Eexception@std@@UAEPAXI@Z 1001ab80 f i Utility.obj
 0002:00009bf0       ??_Erange_error@std@@UAEPAXI@Z 1001abf0 f i Utility.obj
 0002:00009bf0       ??_Grange_error@std@@UAEPAXI@Z 1001abf0 f i Utility.obj
 0002:00009c60       ??_Gruntime_error@std@@UAEPAXI@Z 1001ac60 f i Utility.obj
 0002:00009c60       ??_Eruntime_error@std@@UAEPAXI@Z 1001ac60 f i Utility.obj
 0002:00009cd0       ?AlphaNumeric@Stringz@@YA?AV?$basic_string@DU?$char_traits@D@std@@V?$allocator@D@2@@std@@XZ 1001acd0 f   Utility.obj
 0002:00009e20       ?Alphabet@Stringz@@YA?AV?$basic_string@DU?$char_traits@D@std@@V?$allocator@D@2@@std@@XZ 1001ae20 f   Utility.obj
 0002:00009ea0       ?GetAlphaLocations@Stringz@@YA?AV?$vector@HV?$allocator@H@std@@@std@@ABV?$basic_string@DU?$char_traits@D@std@@V?$allocator@D@2@@3@@Z 1001aea0 f   Utility.obj
 0002:0000a040       ?GetAlphaNumericLocations@Stringz@@YA?AV?$vector@HV?$allocator@H@std@@@std@@ABV?$basic_string@DU?$char_traits@D@std@@V?$allocator@D@2@@3@@Z 1001b040 f   Utility.obj
 0002:0000a1e0       ?GetNumericLocations@Stringz@@YA?AV?$vector@HV?$allocator@H@std@@@std@@ABV?$basic_string@DU?$char_traits@D@std@@V?$allocator@D@2@@3@@Z 1001b1e0 f   Utility.obj
 0002:0000a380       ?GetSpecialLocations@Stringz@@YA?AV?$vector@HV?$allocator@H@std@@@std@@ABV?$basic_string@DU?$char_traits@D@std@@V?$allocator@D@2@@3@@Z 1001b380 f   Utility.obj
 0002:0000a520       ?GetWhitespaceLocations@Stringz@@YA?AV?$vector@HV?$allocator@H@std@@@std@@ABV?$basic_string@DU?$char_traits@D@std@@V?$allocator@D@2@@3@@Z 1001b520 f   Utility.obj
 0002:0000a6c0       ?HasAlpha@Stringz@@YA_NABV?$basic_string@DU?$char_traits@D@std@@V?$allocator@D@2@@std@@@Z 1001b6c0 f   Utility.obj
 0002:0000a800       ?HasNumeric@Stringz@@YA_NABV?$basic_string@DU?$char_traits@D@std@@V?$allocator@D@2@@std@@@Z 1001b800 f   Utility.obj
 0002:0000a940       ?HasSpecialChar@Stringz@@YA_NABV?$basic_string@DU?$char_traits@D@std@@V?$allocator@D@2@@std@@@Z 1001b940 f   Utility.obj
 0002:0000aa80       ?HasWhitespace@Stringz@@YA_NABV?$basic_string@DU?$char_traits@D@std@@V?$allocator@D@2@@std@@@Z 1001ba80 f   Utility.obj
 0002:0000abc0       ?IsAlpha@Stringz@@YA_NABV?$basic_string@DU?$char_traits@D@std@@V?$allocator@D@2@@std@@@Z 1001bbc0 f   Utility.obj
 0002:0000ac80       ?IsAlpha@Stringz@@YA_ND@Z  1001bc80 f   Utility.obj
 0002:0000ad50       ?IsAlphaNumeric@Stringz@@YA_NABV?$basic_string@DU?$char_traits@D@std@@V?$allocator@D@2@@std@@@Z 1001bd50 f   Utility.obj
 0002:0000ae10       ?IsAlphaNumeric@Stringz@@YA_ND@Z 1001be10 f   Utility.obj
 0002:0000aee0       ?IsBinary@Stringz@@YA_NABV?$basic_string@DU?$char_traits@D@std@@V?$allocator@D@2@@std@@@Z 1001bee0 f   Utility.obj
 0002:0000b190       ?IsDouble@Stringz@@YA_NABV?$basic_string@DU?$char_traits@D@std@@V?$allocator@D@2@@std@@@Z 1001c190 f   Utility.obj
 0002:0000b480       ?IsFloat@Stringz@@YA_NABV?$basic_string@DU?$char_traits@D@std@@V?$allocator@D@2@@std@@@Z 1001c480 f   Utility.obj
 0002:0000b5c0       ?IsHex@Stringz@@YA_NABV?$basic_string@DU?$char_traits@D@std@@V?$allocator@D@2@@std@@@Z 1001c5c0 f   Utility.obj
 0002:0000b9a0       ?IsLower@Stringz@@YA_ND@Z  1001c9a0 f   Utility.obj
 0002:0000ba30       ?IsNumeric@Stringz@@YA_NABV?$basic_string@DU?$char_traits@D@std@@V?$allocator@D@2@@std@@@Z 1001ca30 f   Utility.obj
 0002:0000baf0       ?IsNumeric@Stringz@@YA_ND@Z 1001caf0 f   Utility.obj
 0002:0000bbc0       ?IsSpecialChar@Stringz@@YA_NABV?$basic_string@DU?$char_traits@D@std@@V?$allocator@D@2@@std@@@Z 1001cbc0 f   Utility.obj
 0002:0000bc80       ?IsSpecialChar@Stringz@@YA_ND@Z 1001cc80 f   Utility.obj
 0002:0000bd50       ?IsUpper@Stringz@@YA_ND@Z  1001cd50 f   Utility.obj
 0002:0000bde0       ?IsWhitespace@Stringz@@YA_NABV?$basic_string@DU?$char_traits@D@std@@V?$allocator@D@2@@std@@@Z 1001cde0 f   Utility.obj
 0002:0000bea0       ?IsWhitespace@Stringz@@YA_ND@Z 1001cea0 f   Utility.obj
 0002:0000bf70       ?Locate@Stringz@@YA?AV?$vector@HV?$allocator@H@std@@@std@@ABV?$basic_string@DU?$char_traits@D@std@@V?$allocator@D@2@@3@0@Z 1001cf70 f   Utility.obj
 0002:0000c100       ?Numbers@Stringz@@YA?AV?$basic_string@DU?$char_traits@D@std@@V?$allocator@D@2@@std@@XZ 1001d100 f   Utility.obj
 0002:0000c180       ?Remove@Stringz@@YA?AV?$basic_string@DU?$char_traits@D@std@@V?$allocator@D@2@@std@@ABV23@0@Z 1001d180 f   Utility.obj
 0002:0000c3c0       ?Remove@Stringz@@YA?AV?$basic_string@DU?$char_traits@D@std@@V?$allocator@D@2@@std@@ABV23@ABV?$initializer_list@D@3@@Z 1001d3c0 f   Utility.obj
 0002:0000c580       ?Remove@Stringz@@YA?AV?$basic_string@DU?$char_traits@D@std@@V?$allocator@D@2@@std@@ABV23@ABV?$initializer_list@V?$basic_string@DU?$char_traits@D@std@@V?$allocator@D@2@@std@@@3@@Z 1001d580 f   Utility.obj
 0002:0000c730       ?Remove@Stringz@@YA?AV?$basic_string@DU?$char_traits@D@std@@V?$allocator@D@2@@std@@ABV23@D@Z 1001d730 f   Utility.obj
 0002:0000c8d0       ?RemoveEachOf@Stringz@@YA?AV?$basic_string@DU?$char_traits@D@std@@V?$allocator@D@2@@std@@ABV23@0@Z 1001d8d0 f   Utility.obj
 0002:0000caa0       ?Replace@Stringz@@YA?AV?$basic_string@DU?$char_traits@D@std@@V?$allocator@D@2@@std@@ABV23@00@Z 1001daa0 f   Utility.obj
 0002:0000ccd0       ?Scale@Stringz@@YA?AV?$basic_string@DU?$char_traits@D@std@@V?$allocator@D@2@@std@@ABV23@I@Z 1001dcd0 f   Utility.obj
 0002:0000ce30       ?SpecialChars@Stringz@@YA?AV?$basic_string@DU?$char_traits@D@std@@V?$allocator@D@2@@std@@XZ 1001de30 f   Utility.obj
 0002:0000ceb0       ?Split@Stringz@@YA?AV?$vector@V?$basic_string@DU?$char_traits@D@std@@V?$allocator@D@2@@std@@V?$allocator@V?$basic_string@DU?$char_traits@D@std@@V?$allocator@D@2@@std@@@2@@std@@ABV?$basic_string@DU?$char_traits@D@std@@V?$allocator@D@2@@3@0@Z 1001deb0 f   Utility.obj
 0002:0000d0f0       ?Split@Stringz@@YA?AV?$vector@V?$basic_string@DU?$char_traits@D@std@@V?$allocator@D@2@@std@@V?$allocator@V?$basic_string@DU?$char_traits@D@std@@V?$allocator@D@2@@std@@@2@@std@@ABV?$basic_string@DU?$char_traits@D@std@@V?$allocator@D@2@@3@D@Z 1001e0f0 f   Utility.obj
 0002:0000d330       ?StartsWithANumber@Stringz@@YA_NABV?$basic_string@DU?$char_traits@D@std@@V?$allocator@D@2@@std@@@Z 1001e330 f   Utility.obj
 0002:0000d4d0       ?Strip@Stringz@@YA?AV?$basic_string@DU?$char_traits@D@std@@V?$allocator@D@2@@std@@ABV23@0@Z 1001e4d0 f   Utility.obj
 0002:0000d620       ?ToLower@Stringz@@YA?AV?$basic_string@DU?$char_traits@D@std@@V?$allocator@D@2@@std@@ABV23@@Z 1001e620 f   Utility.obj
 0002:0000d7d0       ?ToUpper@Stringz@@YA?AV?$basic_string@DU?$char_traits@D@std@@V?$allocator@D@2@@std@@ABV23@@Z 1001e7d0 f   Utility.obj
 0002:0000d980       ?WString@Stringz@@YA?AV?$basic_string@_WU?$char_traits@_W@std@@V?$allocator@_W@2@@std@@ABV?$basic_string@DU?$char_traits@D@std@@V?$allocator@D@2@@3@@Z 1001e980 f   Utility.obj
 0002:0000da90       ?Whitespace@Stringz@@YA?AV?$basic_string@DU?$char_traits@D@std@@V?$allocator@D@2@@std@@XZ 1001ea90 f   Utility.obj
 0002:0000db10       ?_Adjust_manually_vector_aligned@std@@YAXAAPAXAAI@Z 1001eb10 f i Utility.obj
 0002:0000dce0       ?_Allocate@_Default_allocate_traits@std@@SAPAXI@Z 1001ece0 f i Utility.obj
 0002:0000dd40       ?_Calculate_growth@?$basic_string@DU?$char_traits@D@std@@V?$allocator@D@2@@std@@ABEII@Z 1001ed40 f i Utility.obj
 0002:0000ddc0       ?_Calculate_growth@?$basic_string@DU?$char_traits@D@std@@V?$allocator@D@2@@std@@CAIIII@Z 1001edc0 f i Utility.obj
 0002:0000dec0       ?_Calculate_growth@?$basic_string@_WU?$char_traits@_W@std@@V?$allocator@_W@2@@std@@ABEII@Z 1001eec0 f i Utility.obj
 0002:0000df40       ?_Calculate_growth@?$basic_string@_WU?$char_traits@_W@std@@V?$allocator@_W@2@@std@@CAIIII@Z 1001ef40 f i Utility.obj
 0002:0000e040       ?_Calculate_growth@?$vector@HV?$allocator@H@std@@@std@@ABEII@Z 1001f040 f i Utility.obj
 0002:0000e0f0       ?_Calculate_growth@?$vector@V?$basic_string@DU?$char_traits@D@std@@V?$allocator@D@2@@std@@V?$allocator@V?$basic_string@DU?$char_traits@D@std@@V?$allocator@D@2@@std@@@2@@std@@ABEII@Z 1001f0f0 f i Utility.obj
 0002:0000e1a0       ?_Change_array@?$vector@HV?$allocator@H@std@@@std@@AAEXQAHII@Z 1001f1a0 f i Utility.obj
 0002:0000e2b0       ?_Change_array@?$vector@V?$basic_string@DU?$char_traits@D@std@@V?$allocator@D@2@@std@@V?$allocator@V?$basic_string@DU?$char_traits@D@std@@V?$allocator@D@2@@std@@@2@@std@@AAEXQAV?$basic_string@DU?$char_traits@D@std@@V?$allocator@D@2@@2@II@Z 1001f2b0 f i Utility.obj
 0002:0000e3c0       ?_Check_offset@?$_String_val@U?$_Simple_types@D@std@@@std@@QBEXI@Z 1001f3c0 f i Utility.obj
 0002:0000e430       ?_Clamp_suffix_size@?$_String_val@U?$_Simple_types@D@std@@@std@@QBEIII@Z 1001f430 f i Utility.obj
 0002:0000e4b0       ?_Construct_lv_contents@?$basic_string@DU?$char_traits@D@std@@V?$allocator@D@2@@std@@AAEXABV12@@Z 1001f4b0 f i Utility.obj
 0002:0000e680       ?_Construct_lv_contents@?$basic_string@_WU?$char_traits@_W@std@@V?$allocator@_W@2@@std@@AAEXABV12@@Z 1001f680 f i Utility.obj
 0002:0000e850       ?_Destroy@?$vector@HV?$allocator@H@std@@@std@@AAEXPAH0@Z 1001f850 f i Utility.obj
 0002:0000e8d0       ?_Destroy@?$vector@V?$basic_string@DU?$char_traits@D@std@@V?$allocator@D@2@@std@@V?$allocator@V?$basic_string@DU?$char_traits@D@std@@V?$allocator@D@2@@std@@@2@@std@@AAEXPAV?$basic_string@DU?$char_traits@D@std@@V?$allocator@D@2@@2@0@Z 1001f8d0 f i Utility.obj
 0002:0000e950       ?_Get_first@?$_Compressed_pair@V?$allocator@D@std@@V?$_String_val@U?$_Simple_types@D@std@@@2@$00@std@@QAEAAV?$allocator@D@2@XZ 1001f950 f i Utility.obj
 0002:0000e9b0       ?_Get_first@?$_Compressed_pair@V?$allocator@D@std@@V?$_String_val@U?$_Simple_types@D@std@@@2@$00@std@@QBEABV?$allocator@D@2@XZ 1001f9b0 f i Utility.obj
 0002:0000ea10       ?_Get_first@?$_Compressed_pair@V?$allocator@H@std@@V?$_Vector_val@U?$_Simple_types@H@std@@@2@$00@std@@QAEAAV?$allocator@H@2@XZ 1001fa10 f i Utility.obj
 0002:0000ea70       ?_Get_first@?$_Compressed_pair@V?$allocator@H@std@@V?$_Vector_val@U?$_Simple_types@H@std@@@2@$00@std@@QBEABV?$allocator@H@2@XZ 1001fa70 f i Utility.obj
 0002:0000ead0       ?_Get_first@?$_Compressed_pair@V?$allocator@V?$basic_string@DU?$char_traits@D@std@@V?$allocator@D@2@@std@@@std@@V?$_Vector_val@U?$_Simple_types@V?$basic_string@DU?$char_traits@D@std@@V?$allocator@D@2@@std@@@std@@@2@$00@std@@QAEAAV?$allocator@V?$basic_string@DU?$char_traits@D@std@@V?$allocator@D@2@@std@@@2@XZ 1001fad0 f i Utility.obj
 0002:0000eb30       ?_Get_first@?$_Compressed_pair@V?$allocator@V?$basic_string@DU?$char_traits@D@std@@V?$allocator@D@2@@std@@@std@@V?$_Vector_val@U?$_Simple_types@V?$basic_string@DU?$char_traits@D@std@@V?$allocator@D@2@@std@@@std@@@2@$00@std@@QBEABV?$allocator@V?$basic_string@DU?$char_traits@D@std@@V?$allocator@D@2@@std@@@2@XZ 1001fb30 f i Utility.obj
 0002:0000eb90       ?_Get_first@?$_Compressed_pair@V?$allocator@_W@std@@V?$_String_val@U?$_Simple_types@_W@std@@@2@$00@std@@QAEAAV?$allocator@_W@2@XZ 1001fb90 f i Utility.obj
 0002:0000ebf0       ?_Get_first@?$_Compressed_pair@V?$allocator@_W@std@@V?$_String_val@U?$_Simple_types@_W@std@@@2@$00@std@@QBEABV?$allocator@_W@2@XZ 1001fbf0 f i Utility.obj
 0002:0000ec50       ?_Getal@?$basic_string@DU?$char_traits@D@std@@V?$allocator@D@2@@std@@AAEAAV?$allocator@D@2@XZ 1001fc50 f i Utility.obj
 0002:0000ecb0       ?_Getal@?$basic_string@DU?$char_traits@D@std@@V?$allocator@D@2@@std@@ABEABV?$allocator@D@2@XZ 1001fcb0 f i Utility.obj
 0002:0000ed10       ?_Getal@?$basic_string@_WU?$char_traits@_W@std@@V?$allocator@_W@2@@std@@AAEAAV?$allocator@_W@2@XZ 1001fd10 f i Utility.obj
 0002:0000ed70       ?_Getal@?$basic_string@_WU?$char_traits@_W@std@@V?$allocator@_W@2@@std@@ABEABV?$allocator@_W@2@XZ 1001fd70 f i Utility.obj
 0002:0000edd0       ?_Getal@?$vector@HV?$allocator@H@std@@@std@@AAEAAV?$allocator@H@2@XZ 1001fdd0 f i Utility.obj
 0002:0000ee30       ?_Getal@?$vector@HV?$allocator@H@std@@@std@@ABEABV?$allocator@H@2@XZ 1001fe30 f i Utility.obj
 0002:0000ee90       ?_Getal@?$vector@V?$basic_string@DU?$char_traits@D@std@@V?$allocator@D@2@@std@@V?$allocator@V?$basic_string@DU?$char_traits@D@std@@V?$allocator@D@2@@std@@@2@@std@@AAEAAV?$allocator@V?$basic_string@DU?$char_traits@D@std@@V?$allocator@D@2@@std@@@2@XZ 1001fe90 f i Utility.obj
 0002:0000eef0       ?_Getal@?$vector@V?$basic_string@DU?$char_traits@D@std@@V?$allocator@D@2@@std@@V?$allocator@V?$basic_string@DU?$char_traits@D@std@@V?$allocator@D@2@@std@@@2@@std@@ABEABV?$allocator@V?$basic_string@DU?$char_traits@D@std@@V?$allocator@D@2@@std@@@2@XZ 1001fef0 f i Utility.obj
 0002:0000ef50       ?_Init@?$wstring_convert@V?$codecvt_utf8@_W$0BAPPPP@$0A@@std@@_WV?$allocator@_W@2@V?$allocator@D@2@@std@@AAEXPBV?$codecvt_utf8@_W$0BAPPPP@$0A@@2@@Z 1001ff50 f i Utility.obj
 0002:0000f040       ?_Large_string_engaged@?$_String_val@U?$_Simple_types@D@std@@@std@@QBE_NXZ 10020040 f i Utility.obj
 0002:0000f0c0       ?_Large_string_engaged@?$_String_val@U?$_Simple_types@_W@std@@@std@@QBE_NXZ 100200c0 f i Utility.obj
 0002:0000f140       ?_Maklocwcs@std@@YAPA_WPB_W@Z 10020140 f i Utility.obj
 0002:0000f210       ?_Memcpy_val_from@?$basic_string@DU?$char_traits@D@std@@V?$allocator@D@2@@std@@AAEXABV12@@Z 10020210 f i Utility.obj
 0002:0000f2b0       ?_Memcpy_val_from@?$basic_string@_WU?$char_traits@_W@std@@V?$allocator@_W@2@@std@@AAEXABV12@@Z 100202b0 f i Utility.obj
 0002:0000f350       ?_Move_assign@?$basic_string@DU?$char_traits@D@std@@V?$allocator@D@2@@std@@AAEXAAV12@U_Equal_allocators@2@@Z 10020350 f i Utility.obj
 0002:0000f400       ?_Move_construct@?$vector@HV?$allocator@H@std@@@std@@AAEXAAV12@U?$integral_constant@_N$00@2@@Z 10020400 f i Utility.obj
 0002:0000f470       ?_Move_construct@?$vector@V?$basic_string@DU?$char_traits@D@std@@V?$allocator@D@2@@std@@V?$allocator@V?$basic_string@DU?$char_traits@D@std@@V?$allocator@D@2@@std@@@2@@std@@AAEXAAV12@U?$integral_constant@_N$00@2@@Z 10020470 f i Utility.obj
 0002:0000f4e0       ?_Myptr@?$_String_val@U?$_Simple_types@D@std@@@std@@QAEPADXZ 100204e0 f i Utility.obj
 0002:0000f570       ?_Myptr@?$_String_val@U?$_Simple_types@D@std@@@std@@QBEPBDXZ 10020570 f i Utility.obj
 0002:0000f600       ?_Myptr@?$_String_val@U?$_Simple_types@_W@std@@@std@@QAEPA_WXZ 10020600 f i Utility.obj
 0002:0000f690       ?_Myptr@?$_String_val@U?$_Simple_types@_W@std@@@std@@QBEPB_WXZ 10020690 f i Utility.obj
 0002:0000f720       ?_Orphan_all@_Container_base12@std@@QAEXXZ 10020720 f i Utility.obj
 0002:0000f850       ?_Orphan_range@?$vector@HV?$allocator@H@std@@@std@@ABEXPAH0@Z 10020850 f i Utility.obj
 0002:0000f990       ?_Orphan_range@?$vector@V?$basic_string@DU?$char_traits@D@std@@V?$allocator@D@2@@std@@V?$allocator@V?$basic_string@DU?$char_traits@D@std@@V?$allocator@D@2@@std@@@2@@std@@ABEXPAV?$basic_string@DU?$char_traits@D@std@@V?$allocator@D@2@@2@0@Z 10020990 f i Utility.obj
 0002:0000fad0       ?_Release@?$_Uninitialized_backout_al@V?$allocator@V?$basic_string@DU?$char_traits@D@std@@V?$allocator@D@2@@std@@@std@@@std@@QAEPAV?$basic_string@DU?$char_traits@D@std@@V?$allocator@D@2@@2@XZ 10020ad0 f i Utility.obj
 0002:0000fb40       ?_Release@_Basic_container_proxy_ptr12@std@@QAEXXZ 10020b40 f i Utility.obj
 0002:0000fba0       ?_Swap_proxy_and_iterators@?$basic_string@DU?$char_traits@D@std@@V?$allocator@D@2@@std@@AAEXAAV12@@Z 10020ba0 f i Utility.obj
 0002:0000fc10       ?_Swap_proxy_and_iterators@?$basic_string@_WU?$char_traits@_W@std@@V?$allocator@_W@2@@std@@AAEXAAV12@@Z 10020c10 f i Utility.obj
 0002:0000fc80       ?_Swap_proxy_and_iterators@_Container_base12@std@@QAEXAAU12@@Z 10020c80 f i Utility.obj
 0002:0000fda0       ?_Take_contents@?$_Vector_val@U?$_Simple_types@H@std@@@std@@QAEXAAV12@@Z 10020da0 f i Utility.obj
 0002:0000fe60       ?_Take_contents@?$_Vector_val@U?$_Simple_types@V?$basic_string@DU?$char_traits@D@std@@V?$allocator@D@2@@std@@@std@@@std@@QAEXAAV12@@Z 10020e60 f i Utility.obj
 0002:0000ff20       ?_Take_contents@?$basic_string@DU?$char_traits@D@std@@V?$allocator@D@2@@std@@AAEXAAV12@U?$integral_constant@_N$00@2@@Z 10020f20 f i Utility.obj
 0002:00010000       ?_Take_contents@?$basic_string@_WU?$char_traits@_W@std@@V?$allocator@_W@2@@std@@AAEXAAV12@U?$integral_constant@_N$00@2@@Z 10021000 f i Utility.obj
 0002:000100e0       ?_Throw_bad_array_new_length@std@@YAXXZ 100210e0 f i Utility.obj
 0002:00010150       ?_Throw_range_error@std@@YAXQBD@Z 10021150 f i Utility.obj
 0002:000101d0       ?_Tidy@?$vector@HV?$allocator@H@std@@@std@@AAEXXZ 100211d0 f i Utility.obj
 0002:00010300       ?_Tidy@?$vector@V?$basic_string@DU?$char_traits@D@std@@V?$allocator@D@2@@std@@V?$allocator@V?$basic_string@DU?$char_traits@D@std@@V?$allocator@D@2@@std@@@2@@std@@AAEXXZ 10021300 f i Utility.obj
 0002:00010440       ?_Tidy_deallocate@?$basic_string@DU?$char_traits@D@std@@V?$allocator@D@2@@std@@AAEXXZ 10021440 f i Utility.obj
 0002:00010580       ?_Tidy_deallocate@?$basic_string@_WU?$char_traits@_W@std@@V?$allocator@_W@2@@std@@AAEXXZ 10021580 f i Utility.obj
 0002:000106c0       ?_Tidy_init@?$basic_string@DU?$char_traits@D@std@@V?$allocator@D@2@@std@@AAEXXZ 100216c0 f i Utility.obj
 0002:00010760       ?_Tidy_init@?$basic_string@_WU?$char_traits@_W@std@@V?$allocator@_W@2@@std@@AAEXXZ 10021760 f i Utility.obj
 0002:00010800       ?_Umove@?$vector@HV?$allocator@H@std@@@std@@AAEPAHPAH00@Z 10021800 f i Utility.obj
 0002:00010880       ?_Umove@?$vector@V?$basic_string@DU?$char_traits@D@std@@V?$allocator@D@2@@std@@V?$allocator@V?$basic_string@DU?$char_traits@D@std@@V?$allocator@D@2@@std@@@2@@std@@AAEPAV?$basic_string@DU?$char_traits@D@std@@V?$allocator@D@2@@2@PAV32@00@Z 10021880 f i Utility.obj
 0002:00010900       ?_Umove_if_noexcept1@?$vector@HV?$allocator@H@std@@@std@@AAEXPAH00U?$integral_constant@_N$00@2@@Z 10021900 f i Utility.obj
 0002:00010980       ?_Umove_if_noexcept1@?$vector@V?$basic_string@DU?$char_traits@D@std@@V?$allocator@D@2@@std@@V?$allocator@V?$basic_string@DU?$char_traits@D@std@@V?$allocator@D@2@@std@@@2@@std@@AAEXPAV?$basic_string@DU?$char_traits@D@std@@V?$allocator@D@2@@2@00U?$integral_constant@_N$00@2@@Z 10021980 f i Utility.obj
 0002:00010a00       ?_Umove_if_noexcept@?$vector@HV?$allocator@H@std@@@std@@AAEXPAH00@Z 10021a00 f i Utility.obj
 0002:00010a80       ?_Umove_if_noexcept@?$vector@V?$basic_string@DU?$char_traits@D@std@@V?$allocator@D@2@@std@@V?$allocator@V?$basic_string@DU?$char_traits@D@std@@V?$allocator@D@2@@std@@@2@@std@@AAEXPAV?$basic_string@DU?$char_traits@D@std@@V?$allocator@D@2@@2@00@Z 10021a80 f i Utility.obj
 0002:00010b00       ?_Unchecked_begin@?$basic_string@DU?$char_traits@D@std@@V?$allocator@D@2@@std@@QAEPADXZ 10021b00 f i Utility.obj
 0002:00010b60       ?_Unchecked_begin@?$basic_string@DU?$char_traits@D@std@@V?$allocator@D@2@@std@@QBEPBDXZ 10021b60 f i Utility.obj
 0002:00010bc0       ?_Unchecked_end@?$basic_string@DU?$char_traits@D@std@@V?$allocator@D@2@@std@@QAEPADXZ 10021bc0 f i Utility.obj
 0002:00010c30       ?_Unchecked_end@?$basic_string@DU?$char_traits@D@std@@V?$allocator@D@2@@std@@QBEPBDXZ 10021c30 f i Utility.obj
 0002:00010ca0       ?_Xlen_string@std@@YAXXZ   10021ca0 f i Utility.obj
 0002:00010d00       ?_Xlength@?$vector@HV?$allocator@H@std@@@std@@CAXXZ 10021d00 f i Utility.obj
 0002:00010d60       ?_Xlength@?$vector@V?$basic_string@DU?$char_traits@D@std@@V?$allocator@D@2@@std@@V?$allocator@V?$basic_string@DU?$char_traits@D@std@@V?$allocator@D@2@@std@@@2@@std@@CAXXZ 10021d60 f i Utility.obj
 0002:00010dc0       ?_Xran@?$_String_val@U?$_Simple_types@D@std@@@std@@SAXXZ 10021dc0 f i Utility.obj
 0002:00010e20       ?__autoclassinit2@?$_Uninitialized_backout_al@V?$allocator@V?$basic_string@DU?$char_traits@D@std@@V?$allocator@D@2@@std@@@std@@@std@@QAEXI@Z 10021e20 f i Utility.obj
 0002:00010e80       ?__autoclassinit2@?$vector@HV?$allocator@H@std@@@std@@QAEXI@Z 10021e80 f i Utility.obj
 0002:00010ee0       ?__autoclassinit2@?$vector@V?$basic_string@DU?$char_traits@D@std@@V?$allocator@D@2@@std@@V?$allocator@V?$basic_string@DU?$char_traits@D@std@@V?$allocator@D@2@@std@@@2@@std@@QAEXI@Z 10021ee0 f i Utility.obj
 0002:00010f40       ?__empty_global_delete@@YAXPAX@Z 10021f40 f i Utility.obj
 0002:00010f90       ?__empty_global_delete@@YAXPAXI@Z 10021f90 f i Utility.obj
 0002:00010f90       ?__global_delete@@YAXPAXI@Z 10021f90 f i Utility.obj
 0002:00010fe0       ?allocate@?$allocator@D@std@@QAEPADI@Z 10021fe0 f i Utility.obj
 0002:00011050       ?allocate@?$allocator@H@std@@QAEPAHI@Z 10022050 f i Utility.obj
 0002:000110c0       ?allocate@?$allocator@U_Container_proxy@std@@@std@@QAEPAU_Container_proxy@2@I@Z 100220c0 f i Utility.obj
 0002:00011130       ?allocate@?$allocator@V?$basic_string@DU?$char_traits@D@std@@V?$allocator@D@2@@std@@@std@@QAEPAV?$basic_string@DU?$char_traits@D@std@@V?$allocator@D@2@@2@I@Z 10022130 f i Utility.obj
 0002:000111a0       ?allocate@?$allocator@_W@std@@QAEPA_WI@Z 100221a0 f i Utility.obj
 0002:00011210       ?append@?$basic_string@DU?$char_traits@D@std@@V?$allocator@D@2@@std@@QAEAAV12@ABV12@@Z 10022210 f i Utility.obj
 0002:00011290       ?append@?$basic_string@DU?$char_traits@D@std@@V?$allocator@D@2@@std@@QAEAAV12@QBDI@Z 10022290 f i Utility.obj
 0002:000113a0       ?append@?$basic_string@_WU?$char_traits@_W@std@@V?$allocator@_W@2@@std@@QAEAAV12@I_W@Z 100223a0 f i Utility.obj
 0002:000114c0       ?append@?$basic_string@_WU?$char_traits@_W@std@@V?$allocator@_W@2@@std@@QAEAAV12@QB_WI@Z 100224c0 f i Utility.obj
 0002:000115d0       ?assign@?$_Narrow_char_traits@DH@std@@SAXAADABD@Z 100225d0 f i Utility.obj
 0002:00011630       ?assign@?$_WChar_traits@_W@std@@SAPA_WQA_WI_W@Z 10022630 f i Utility.obj
 0002:000116a0       ?assign@?$_WChar_traits@_W@std@@SAXAA_WAB_W@Z 100226a0 f i Utility.obj
 0002:00011700       ?assign@?$basic_string@DU?$char_traits@D@std@@V?$allocator@D@2@@std@@QAEAAV12@ABV12@II@Z 10022700 f i Utility.obj
 0002:000117a0       ?assign@?$basic_string@DU?$char_traits@D@std@@V?$allocator@D@2@@std@@QAEAAV12@QBD@Z 100227a0 f i Utility.obj
 0002:00011820       ?assign@?$basic_string@DU?$char_traits@D@std@@V?$allocator@D@2@@std@@QAEAAV12@QBDI@Z 10022820 f i Utility.obj
 0002:00011910       ?begin@?$initializer_list@D@std@@QBEPBDXZ 10022910 f i Utility.obj
 0002:00011970       ?begin@?$initializer_list@V?$basic_string@DU?$char_traits@D@std@@V?$allocator@D@2@@std@@@std@@QBEPBV?$basic_string@DU?$char_traits@D@std@@V?$allocator@D@2@@2@XZ 10022970 f i Utility.obj
 0002:000119d0       ?c_str@?$basic_string@DU?$char_traits@D@std@@V?$allocator@D@2@@std@@QBEPBDXZ 100229d0 f i Utility.obj
 0002:00011a30       ?capacity@?$vector@HV?$allocator@H@std@@@std@@QBEIXZ 10022a30 f i Utility.obj
 0002:00011aa0       ?capacity@?$vector@V?$basic_string@DU?$char_traits@D@std@@V?$allocator@D@2@@std@@V?$allocator@V?$basic_string@DU?$char_traits@D@std@@V?$allocator@D@2@@std@@@2@@std@@QBEIXZ 10022aa0 f i Utility.obj
 0002:00011b20       ?compare@?$_Narrow_char_traits@DH@std@@SAHQBD0I@Z 10022b20 f i Utility.obj
 0002:00011b90       ?copy@?$_Char_traits@DH@std@@SAPADQADQBDI@Z 10022b90 f i Utility.obj
 0002:00011c00       ?copy@?$_Char_traits@_WG@std@@SAPA_WQA_WQB_WI@Z 10022c00 f i Utility.obj
 0002:00011c70       ?deallocate@?$_Default_allocator_traits@V?$allocator@U_Container_proxy@std@@@std@@@std@@SAXAAV?$allocator@U_Container_proxy@std@@@2@QAU_Container_proxy@2@I@Z 10022c70 f i Utility.obj
 0002:00011ce0       ?deallocate@?$allocator@D@std@@QAEXQADI@Z 10022ce0 f i Utility.obj
 0002:00011d50       ?deallocate@?$allocator@H@std@@QAEXQAHI@Z 10022d50 f i Utility.obj
 0002:00011dc0       ?deallocate@?$allocator@V?$basic_string@DU?$char_traits@D@std@@V?$allocator@D@2@@std@@@std@@QAEXQAV?$basic_string@DU?$char_traits@D@std@@V?$allocator@D@2@@2@I@Z 10022dc0 f i Utility.obj
 0002:00011e30       ?deallocate@?$allocator@_W@std@@QAEXQA_WI@Z 10022e30 f i Utility.obj
 0002:00011ea0       ?do_always_noconv@?$codecvt_utf8@_W$0BAPPPP@$0A@@std@@MBE_NXZ 10022ea0 f i Utility.obj
 0002:00011f00       ?do_encoding@?$codecvt_utf8@_W$0BAPPPP@$0A@@std@@MBEHXZ 10022f00 f i Utility.obj
 0002:00011f60       ?do_in@?$codecvt_utf8@_W$0BAPPPP@$0A@@std@@MBEHAAU_Mbstatet@@PBD1AAPBDPA_W3AAPA_W@Z 10022f60 f i Utility.obj
 0002:00012230       ?do_length@?$codecvt_utf8@_W$0BAPPPP@$0A@@std@@MBEHAAU_Mbstatet@@PBD1I@Z 10023230 f i Utility.obj
 0002:000122f0       ?do_max_length@?$codecvt_utf8@_W$0BAPPPP@$0A@@std@@MBEHXZ 100232f0 f i Utility.obj
 0002:00012350       ?do_out@?$codecvt_utf8@_W$0BAPPPP@$0A@@std@@MBEHAAU_Mbstatet@@PB_W1AAPB_WPAD3AAPAD@Z 10023350 f i Utility.obj
 0002:000125d0       ?do_unshift@?$codecvt_utf8@_W$0BAPPPP@$0A@@std@@MBEHAAU_Mbstatet@@PAD1AAPAD@Z 100235d0 f i Utility.obj
 0002:00012640       ?end@?$initializer_list@D@std@@QBEPBDXZ 10023640 f i Utility.obj
 0002:000126a0       ?end@?$initializer_list@V?$basic_string@DU?$char_traits@D@std@@V?$allocator@D@2@@std@@@std@@QBEPBV?$basic_string@DU?$char_traits@D@std@@V?$allocator@D@2@@2@XZ 100236a0 f i Utility.obj
 0002:00012700       ?find@?$_Narrow_char_traits@DH@std@@SAPBDQBDIABD@Z 10023700 f i Utility.obj
 0002:00012770       ?find@?$basic_string@DU?$char_traits@D@std@@V?$allocator@D@2@@std@@QBEIABV12@I@Z 10023770 f i Utility.obj
 0002:00012800       ?find@?$basic_string@DU?$char_traits@D@std@@V?$allocator@D@2@@std@@QBEIDI@Z 10023800 f i Utility.obj
 0002:00012880       ?find@?$basic_string@DU?$char_traits@D@std@@V?$allocator@D@2@@std@@QBEIQBDI@Z 10023880 f i Utility.obj
 0002:00012910       ?from_bytes@?$wstring_convert@V?$codecvt_utf8@_W$0BAPPPP@$0A@@std@@_WV?$allocator@_W@2@V?$allocator@D@2@@std@@QAE?AV?$basic_string@_WU?$char_traits@_W@std@@V?$allocator@_W@2@@2@PBD0@Z 10023910 f i Utility.obj
 0002:00012d00       ?from_bytes@?$wstring_convert@V?$codecvt_utf8@_W$0BAPPPP@$0A@@std@@_WV?$allocator@_W@2@V?$allocator@D@2@@std@@QAE?AV?$basic_string@_WU?$char_traits@_W@std@@V?$allocator@_W@2@@2@PBD@Z 10023d00 f i Utility.obj
 0002:00012da0       ?get_allocator@?$basic_string@DU?$char_traits@D@std@@V?$allocator@D@2@@std@@QBE?AV?$allocator@D@2@XZ 10023da0 f i Utility.obj
 0002:00012e10       ?length@?$_Narrow_char_traits@DH@std@@SAIQBD@Z 10023e10 f i Utility.obj
 0002:00012e70       ?length@?$basic_string@DU?$char_traits@D@std@@V?$allocator@D@2@@std@@QBEIXZ 10023e70 f i Utility.obj
 0002:00012ed0       ?max@?$numeric_limits@H@std@@SAHXZ 10023ed0 f i Utility.obj
 0002:00012f30       ?max_size@?$_Default_allocator_traits@V?$allocator@D@std@@@std@@SAIABV?$allocator@D@2@@Z 10023f30 f i Utility.obj
 0002:00012f80       ?max_size@?$_Default_allocator_traits@V?$allocator@H@std@@@std@@SAIABV?$allocator@H@2@@Z 10023f80 f i Utility.obj
 0002:00012fe0       ?max_size@?$_Default_allocator_traits@V?$allocator@V?$basic_string@DU?$char_traits@D@std@@V?$allocator@D@2@@std@@@std@@@std@@SAIABV?$allocator@V?$basic_string@DU?$char_traits@D@std@@V?$allocator@D@2@@std@@@2@@Z 10023fe0 f i Utility.obj
 0002:00013040       ?max_size@?$_Default_allocator_traits@V?$allocator@_W@std@@@std@@SAIABV?$allocator@_W@2@@Z 10024040 f i Utility.obj
 0002:000130a0       ?max_size@?$basic_string@DU?$char_traits@D@std@@V?$allocator@D@2@@std@@QBEIXZ 100240a0 f i Utility.obj
 0002:000131d0       ?max_size@?$basic_string@_WU?$char_traits@_W@std@@V?$allocator@_W@2@@std@@QBEIXZ 100241d0 f i Utility.obj
 0002:00013300       ?max_size@?$vector@HV?$allocator@H@std@@@std@@QBEIXZ 10024300 f i Utility.obj
 0002:000133a0       ?max_size@?$vector@V?$basic_string@DU?$char_traits@D@std@@V?$allocator@D@2@@std@@V?$allocator@V?$basic_string@DU?$char_traits@D@std@@V?$allocator@D@2@@std@@@2@@std@@QBEIXZ 100243a0 f i Utility.obj
 0002:00013440       ?move@?$_Char_traits@DH@std@@SAPADQADQBDI@Z 10024440 f i Utility.obj
 0002:000134b0       ?move@?$_Char_traits@_WG@std@@SAPA_WQA_WQB_WI@Z 100244b0 f i Utility.obj
 0002:00013520       ?push_back@?$basic_string@DU?$char_traits@D@std@@V?$allocator@D@2@@std@@QAEXD@Z 10024520 f i Utility.obj
 0002:00013620       ?push_back@?$basic_string@_WU?$char_traits@_W@std@@V?$allocator@_W@2@@std@@QAEX_W@Z 10024620 f i Utility.obj
 0002:00013720       ?push_back@?$vector@HV?$allocator@H@std@@@std@@QAEXABH@Z 10024720 f i Utility.obj
 0002:00013790       ?push_back@?$vector@V?$basic_string@DU?$char_traits@D@std@@V?$allocator@D@2@@std@@V?$allocator@V?$basic_string@DU?$char_traits@D@std@@V?$allocator@D@2@@std@@@2@@std@@QAEX$$QAV?$basic_string@DU?$char_traits@D@std@@V?$allocator@D@2@@2@@Z 10024790 f i Utility.obj
 0002:00013800       ?select_on_container_copy_construction@?$_Default_allocator_traits@V?$allocator@D@std@@@std@@SA?AV?$allocator@D@2@ABV32@@Z 10024800 f i Utility.obj
 0002:00013850       ?select_on_container_copy_construction@?$_Default_allocator_traits@V?$allocator@_W@std@@@std@@SA?AV?$allocator@_W@2@ABV32@@Z 10024850 f i Utility.obj
 0002:000138a0       ?size@?$basic_string@DU?$char_traits@D@std@@V?$allocator@D@2@@std@@QBEIXZ 100248a0 f i Utility.obj
 0002:00013900       ?size@?$basic_string@_WU?$char_traits@_W@std@@V?$allocator@_W@2@@std@@QBEIXZ 10024900 f i Utility.obj
 0002:00013960       ?size@?$initializer_list@D@std@@QBEIXZ 10024960 f i Utility.obj
 0002:000139c0       ?size@?$vector@V?$basic_string@DU?$char_traits@D@std@@V?$allocator@D@2@@std@@V?$allocator@V?$basic_string@DU?$char_traits@D@std@@V?$allocator@D@2@@std@@@2@@std@@QBEIXZ 100249c0 f i Utility.obj
 0002:00013a40       ?substr@?$basic_string@DU?$char_traits@D@std@@V?$allocator@D@2@@std@@QBE?AV12@II@Z 10024a40 f i Utility.obj
 0002:00013af0       ?what@exception@std@@UBEPBDXZ 10024af0 f i Utility.obj
 0002:00013b80       _wmemcpy                   10024b80 f i Utility.obj
 0002:00013bf0       _wmemset                   10024bf0 f i Utility.obj
 0002:00013c80       @__CheckForDebuggerJustMyCode@4 10024c80 f   MSVCRTD:debugger_jmc.obj
 0002:00013cd0       @_RTC_AllocaHelper@12      10024cd0 f   MSVCRTD:stack.obj
 0002:00013d10       @_RTC_CheckStackVars2@12   10024d10 f   MSVCRTD:stack.obj
 0002:00013e20       @_RTC_CheckStackVars@8     10024e20 f   MSVCRTD:stack.obj
 0002:00013e90       __RTC_CheckEsp             10024e90 f   MSVCRTD:stack.obj
 0002:00013ed0       __CRT_RTC_INIT             10024ed0 f   MSVCRTD:init.obj
 0002:00013ee0       __CRT_RTC_INITW            10024ee0 f   MSVCRTD:init.obj
 0002:00013ef0       __RTC_InitBase             10024ef0 f   MSVCRTD:init.obj
 0002:00013f30       __RTC_Shutdown             10024f30 f   MSVCRTD:init.obj
 0002:00013f50       ??2@YAPAXI@Z               10024f50 f   MSVCRTD:new_scalar.obj
 0002:00013fb0       ??3@YAXPAXI@Z              10024fb0 f   MSVCRTD:delete_scalar_size.obj
 0002:00013fd0       @__security_check_cookie@4 10024fd0 f   MSVCRTD:secchk.obj
 0002:00013ff0       ??1type_info@@UAE@XZ       10024ff0 f   MSVCRTD:std_type_info_static.obj
 0002:00014010       ??_Gtype_info@@UAEPAXI@Z   10025010 f i MSVCRTD:std_type_info_static.obj
 0002:00014010       ??_Etype_info@@UAEPAXI@Z   10025010 f i MSVCRTD:std_type_info_static.obj
 0002:00014650       __CRT_INIT@12              10025650 f   MSVCRTD:dll_dllmain.obj
 0002:00014670       __DllMainCRTStartup@12     10025670 f   MSVCRTD:dll_dllmain.obj
 0002:00014750       ?_RTC_AllocaFailure@@YAXPAXPAU_RTC_ALLOCA_NODE@@H@Z 10025750 f   MSVCRTD:error.obj
 0002:00014870       ?_RTC_Failure@@YAXPAXH@Z   10025870 f   MSVCRTD:error.obj
 0002:000148e0       ?_RTC_StackFailure@@YAXPAXPBD@Z 100258e0 f   MSVCRTD:error.obj
 0002:00014d90       __RTC_UninitUse            10025d90 f   MSVCRTD:error.obj
 0002:00014e70       ___local_stdio_printf_options 10025e70 f i MSVCRTD:error.obj
 0002:00014e80       __vsprintf_s_l             10025e80 f i MSVCRTD:error.obj
 0002:00014ec0       _sprintf_s                 10025ec0 f i MSVCRTD:error.obj
 0002:00014ef0       ?_RTC_GetErrorFunc@@YAP6AHHPBDH00ZZPBX@Z 10025ef0 f   MSVCRTD:userapi.obj
 0002:00014f00       ?_RTC_GetErrorFuncW@@YAP6AHHPB_WH00ZZPBX@Z 10025f00 f   MSVCRTD:userapi.obj
 0002:00014f10       __RTC_GetErrDesc           10025f10 f   MSVCRTD:userapi.obj
 0002:00014f30       __RTC_NumErrors            10025f30 f   MSVCRTD:userapi.obj
 0002:00014f40       __RTC_SetErrorFunc         10025f40 f   MSVCRTD:userapi.obj
 0002:00014f70       __RTC_SetErrorFuncW        10025f70 f   MSVCRTD:userapi.obj
 0002:00014fa0       __RTC_SetErrorType         10025fa0 f   MSVCRTD:userapi.obj
 0002:00014fd0       ??0bad_alloc@std@@QAE@XZ   10025fd0 f i MSVCRTD:throw_bad_alloc.obj
 0002:00015000       ?__scrt_throw_std_bad_alloc@@YAXXZ 10026000 f   MSVCRTD:throw_bad_alloc.obj
 0002:00015030       ?__scrt_throw_std_bad_array_new_length@@YAXXZ 10026030 f   MSVCRTD:throw_bad_alloc.obj
 0002:00015060       ??3@YAXPAX@Z               10026060 f   MSVCRTD:delete_scalar.obj
 0002:00015080       ___raise_securityfailure   10026080 f   MSVCRTD:gs_report.obj
 0002:000150c0       ___report_gsfailure        100260c0 f   MSVCRTD:gs_report.obj
 0002:00015210       ___report_rangecheckfailure 10026210 f   MSVCRTD:gs_report.obj
 0002:00015220       ___report_securityfailure  10026220 f   MSVCRTD:gs_report.obj
 0002:00015330       ___report_securityfailureEx 10026330 f   MSVCRTD:gs_report.obj
 0002:00015530       ___security_init_cookie    10026530 f   MSVCRTD:gs_support.obj
 0002:000155d0       ?__scrt_initialize_type_info@@YAXXZ 100265d0 f   MSVCRTD:tncleanup.obj
 0002:000155f0       ?__scrt_uninitialize_type_info@@YAXXZ 100265f0 f   MSVCRTD:tncleanup.obj
 0002:00015610       ___local_stdio_scanf_options 10026610 f i MSVCRTD:default_local_stdio_options.obj
 0002:00015620       ___scrt_initialize_default_local_stdio_options 10026620 f   MSVCRTD:default_local_stdio_options.obj
 0002:00015670       ?configure_argv@__scrt_narrow_argv_policy@@SAHXZ 10026670 f i MSVCRTD:utility.obj
 0002:00015740       ?initialize_environment@__scrt_narrow_environment_policy@@SAHXZ 10026740 f i MSVCRTD:utility.obj
 0002:000157e0       _NtCurrentTeb              100267e0 f i MSVCRTD:utility.obj
 0002:000157f0       ___scrt_acquire_startup_lock 100267f0 f   MSVCRTD:utility.obj
 0002:00015850       ___scrt_dllmain_after_initialize_c 10026850 f   MSVCRTD:utility.obj
 0002:00015890       ___scrt_dllmain_before_initialize_c 10026890 f   MSVCRTD:utility.obj
 0002:000158c0       ___scrt_dllmain_crt_thread_attach 100268c0 f   MSVCRTD:utility.obj
 0002:00015900       ___scrt_dllmain_crt_thread_detach 10026900 f   MSVCRTD:utility.obj
 0002:00015920       ___scrt_dllmain_exception_filter 10026920 f   MSVCRTD:utility.obj
 0002:00015980       ___scrt_dllmain_uninitialize_c 10026980 f   MSVCRTD:utility.obj
 0002:000159c0       ___scrt_dllmain_uninitialize_critical 100269c0 f   MSVCRTD:utility.obj
 0002:000159e0       ___scrt_initialize_crt     100269e0 f   MSVCRTD:utility.obj
 0002:00015a40       ___scrt_initialize_onexit_tables 10026a40 f   MSVCRTD:utility.obj
 0002:00015b50       ___scrt_is_nonwritable_in_current_image 10026b50 f   MSVCRTD:utility.obj
 0002:00015cd0       ___scrt_release_startup_lock 10026cd0 f   MSVCRTD:utility.obj
 0002:00015d00       ___scrt_uninitialize_crt   10026d00 f   MSVCRTD:utility.obj
 0002:00015d50       __onexit                   10026d50 f   MSVCRTD:utility.obj
 0002:00015dd0       _at_quick_exit             10026dd0 f   MSVCRTD:utility.obj
 0002:00015e20       _atexit                    10026e20 f   MSVCRTD:utility.obj
 0002:00015e60       ___scrt_get_dyn_tls_init_callback 10026e60 f   MSVCRTD:dyn_tls_init.obj
 0002:00015e70       ___scrt_fastfail           10026e70 f   MSVCRTD:utility_desktop.obj
 0002:00016000       ___scrt_get_show_window_mode 10027000 f   MSVCRTD:utility_desktop.obj
 0002:00016050       ___scrt_initialize_mta     10027050 f   MSVCRTD:utility_desktop.obj
 0002:00016060       ___scrt_initialize_winrt   10027060 f   MSVCRTD:utility_desktop.obj
 0002:00016070       ___scrt_is_managed_app     10027070 f   MSVCRTD:utility_desktop.obj
 0002:00016120       ___scrt_set_unhandled_exception_filter 10027120 f   MSVCRTD:utility_desktop.obj
 0002:00016140       ___scrt_stub_for_initialize_mta 10027140 f   MSVCRTD:utility_desktop.obj
 0002:00016140       ___scrt_exe_initialize_mta 10027140 f   MSVCRTD:utility_desktop.obj
 0002:00016150       ___scrt_unhandled_exception_filter@4 10027150 f   MSVCRTD:utility_desktop.obj
 0002:000161f0       __crt_debugger_hook        100271f0 f   MSVCRTD:utility_desktop.obj
 0002:00016210       __RTC_Initialize           10027210 f   MSVCRTD:initsect.obj
 0002:00016250       __RTC_Terminate            10027250 f   MSVCRTD:initsect.obj
 0002:00016290       __except_handler4          10027290 f   MSVCRTD:chandler4gs.obj
 0002:000162e0       @_guard_check_icall_nop@4  100272e0 f i MSVCRTD:guard_support.obj
 0002:000162f0       _ReadNoFence               100272f0 f i MSVCRTD:guard_support.obj
 0002:00016310       _ReadPointerNoFence        10027310 f i MSVCRTD:guard_support.obj
 0002:00016330       ___castguard_check_failure_debugbreak 10027330 f i MSVCRTD:guard_support.obj
 0002:00016350       ___castguard_check_failure_fastfail 10027350 f i MSVCRTD:guard_support.obj
 0002:00016380       ___castguard_check_failure_nop 10027380 f i MSVCRTD:guard_support.obj
 0002:00016390       ___castguard_check_failure_os_handled 10027390 f i MSVCRTD:guard_support.obj
 0002:00016430       ___castguard_slow_path_check_debugbreak 10027430 f i MSVCRTD:guard_support.obj
 0002:00016470       ___castguard_slow_path_check_fastfail 10027470 f i MSVCRTD:guard_support.obj
 0002:000164c0       ___castguard_slow_path_check_nop 100274c0 f i MSVCRTD:guard_support.obj
 0002:000164d0       ___castguard_slow_path_check_os_handled 100274d0 f i MSVCRTD:guard_support.obj
 0002:00016590       __guard_icall_checks_enforced 10027590 f i MSVCRTD:guard_support.obj
 0002:00016b60       ?_RTC_GetSrcLine@@YAHPAEPA_WKPAH1K@Z 10027b60 f   MSVCRTD:pdblkup.obj
 0002:00016fc0       __except_handler4_noexcept 10027fc0 f   MSVCRTD:chandler4_noexcept.obj
 0002:00017040       ___isa_available_init      10028040 f   MSVCRTD:cpu_disp.obj
 0002:00017440       __get_startup_argv_mode    10028440 f   MSVCRTD:argv_mode.obj
 0002:00017450       ___scrt_is_ucrt_dll_in_use 10028450 f   MSVCRTD:ucrt_detection.obj
 0002:0001747d       ??0_Lockit@std@@QAE@H@Z    1002847d f   msvcprtd:MSVCP140D.dll
 0002:00017483       ??1_Lockit@std@@QAE@XZ     10028483 f   msvcprtd:MSVCP140D.dll
 0002:00017489       ?_Xbad_alloc@std@@YAXXZ    10028489 f   msvcprtd:MSVCP140D.dll
 0002:0001748f       ?_Xlength_error@std@@YAXPBD@Z 1002848f f   msvcprtd:MSVCP140D.dll
 0002:00017495       ?_Xout_of_range@std@@YAXPBD@Z 10028495 f   msvcprtd:MSVCP140D.dll
 0002:0001749b       __Mbrtowc                  1002849b f   msvcprtd:MSVCP140D.dll
 0002:000174a1       ?_Getcvt@_Locinfo@std@@QBE?AU_Cvtvec@@XZ 100284a1 f   msvcprtd:MSVCP140D.dll
 0002:000174a7       ?_Getdays@_Locinfo@std@@QBEPBDXZ 100284a7 f   msvcprtd:MSVCP140D.dll
 0002:000174ad       ?_Getmonths@_Locinfo@std@@QBEPBDXZ 100284ad f   msvcprtd:MSVCP140D.dll
 0002:000174b3       ?_W_Getdays@_Locinfo@std@@QBEPBGXZ 100284b3 f   msvcprtd:MSVCP140D.dll
 0002:000174b9       ?_W_Getmonths@_Locinfo@std@@QBEPBGXZ 100284b9 f   msvcprtd:MSVCP140D.dll
 0002:000174bf       ??4?$_Yarn@D@std@@QAEAAV01@PBD@Z 100284bf f   msvcprtd:MSVCP140D.dll
 0002:000174c5       ??2_Crt_new_delete@std@@SAPAXI@Z 100284c5 f   msvcprtd:MSVCP140D.dll
 0002:000174cb       ??3_Crt_new_delete@std@@SAXPAX@Z 100284cb f   msvcprtd:MSVCP140D.dll
 0002:000174d1       ??Bid@locale@std@@QAEIXZ   100284d1 f   msvcprtd:MSVCP140D.dll
 0002:000174d7       ?_New_Locimp@_Locimp@locale@std@@CAPAV123@ABV123@@Z 100284d7 f   msvcprtd:MSVCP140D.dll
 0002:000174dd       ?_Addfac@_Locimp@locale@std@@AAEXPAVfacet@23@I@Z 100284dd f   msvcprtd:MSVCP140D.dll
 0002:000174e3       ?_Init@locale@std@@CAPAV_Locimp@12@_N@Z 100284e3 f   msvcprtd:MSVCP140D.dll
 0002:000174e9       ?in@?$codecvt@_WDU_Mbstatet@@@std@@QBEHAAU_Mbstatet@@PBD1AAPBDPA_W3AAPA_W@Z 100284e9 f   msvcprtd:MSVCP140D.dll
 0002:000174ef       ??0?$codecvt@_WDU_Mbstatet@@@std@@QAE@I@Z 100284ef f   msvcprtd:MSVCP140D.dll
 0002:000174f5       ??1?$codecvt@_WDU_Mbstatet@@@std@@MAE@XZ 100284f5 f   msvcprtd:MSVCP140D.dll
 0002:000174fb       ?_Decref@facet@locale@std@@UAEPAV_Facet_base@3@XZ 100284fb f   msvcprtd:MSVCP140D.dll
 0002:00017501       ?_Incref@facet@locale@std@@UAEXXZ 10028501 f   msvcprtd:MSVCP140D.dll
 0002:00017507       _memchr                    10028507 f   vcruntimed:VCRUNTIME140D.dll
 0002:0001750d       _memcmp                    1002850d f   vcruntimed:VCRUNTIME140D.dll
 0002:00017513       _memcpy                    10028513 f   vcruntimed:VCRUNTIME140D.dll
 0002:00017519       _memmove                   10028519 f   vcruntimed:VCRUNTIME140D.dll
 0002:0001751f       ___std_exception_copy      1002851f f   vcruntimed:VCRUNTIME140D.dll
 0002:00017525       ___std_exception_destroy   10028525 f   vcruntimed:VCRUNTIME140D.dll
 0002:0001752b       __CxxThrowException@8      1002852b f   vcruntimed:VCRUNTIME140D.dll
 0002:00017531       ___CxxFrameHandler3        10028531 f   vcruntimed:VCRUNTIME140D.dll
 0002:00017537       _memset                    10028537 f   vcruntimed:VCRUNTIME140D.dll
 0002:0001753d       ___std_type_info_destroy_list 1002853d f   vcruntimed:VCRUNTIME140D.dll
 0002:00017543       ___current_exception       10028543 f   vcruntimed:VCRUNTIME140D.dll
 0002:00017549       ___current_exception_context 10028549 f   vcruntimed:VCRUNTIME140D.dll
 0002:0001754f       __except_handler4_common   1002854f f   vcruntimed:VCRUNTIME140D.dll
 0002:00017555       ___vcrt_GetModuleFileNameW 10028555 f   vcruntimed:VCRUNTIME140D.dll
 0002:0001755b       ___vcrt_GetModuleHandleW   1002855b f   vcruntimed:VCRUNTIME140D.dll
 0002:00017561       ___vcrt_LoadLibraryExW     10028561 f   vcruntimed:VCRUNTIME140D.dll
 0002:00017567       __invalid_parameter        10028567 f   ucrtd:ucrtbased.dll
 0002:0001756d       __calloc_dbg               1002856d f   ucrtd:ucrtbased.dll
 0002:00017573       __CrtDbgReport             10028573 f   ucrtd:ucrtbased.dll
 0002:00017579       _wcslen                    10028579 f   ucrtd:ucrtbased.dll
 0002:0001757f       _strlen                    1002857f f   ucrtd:ucrtbased.dll
 0002:00017585       __CrtDbgReportW            10028585 f   ucrtd:ucrtbased.dll
 0002:0001758b       __callnewh                 1002858b f   ucrtd:ucrtbased.dll
 0002:00017591       _malloc                    10028591 f   ucrtd:ucrtbased.dll
 0002:00017597       __initterm                 10028597 f   ucrtd:ucrtbased.dll
 0002:0001759d       __initterm_e               1002859d f   ucrtd:ucrtbased.dll
 0002:000175a3       _strcpy_s                  100285a3 f   ucrtd:ucrtbased.dll
 0002:000175a9       _strcat_s                  100285a9 f   ucrtd:ucrtbased.dll
 0002:000175af       ___stdio_common_vsprintf_s 100285af f   ucrtd:ucrtbased.dll
 0002:000175b5       __free_dbg                 100285b5 f   ucrtd:ucrtbased.dll
 0002:000175bb       __seh_filter_dll           100285bb f   ucrtd:ucrtbased.dll
 0002:000175c1       __configure_narrow_argv    100285c1 f   ucrtd:ucrtbased.dll
 0002:000175c7       __initialize_narrow_environment 100285c7 f   ucrtd:ucrtbased.dll
 0002:000175cd       __initialize_onexit_table  100285cd f   ucrtd:ucrtbased.dll
 0002:000175d3       __register_onexit_function 100285d3 f   ucrtd:ucrtbased.dll
 0002:000175d9       __execute_onexit_table     100285d9 f   ucrtd:ucrtbased.dll
 0002:000175df       __crt_atexit               100285df f   ucrtd:ucrtbased.dll
 0002:000175e5       __crt_at_quick_exit        100285e5 f   ucrtd:ucrtbased.dll
 0002:000175eb       __cexit                    100285eb f   ucrtd:ucrtbased.dll
 0002:000175f1       _terminate                 100285f1 f   ucrtd:ucrtbased.dll
 0002:000175f7       __wmakepath_s              100285f7 f   ucrtd:ucrtbased.dll
 0002:000175fd       __wsplitpath_s             100285fd f   ucrtd:ucrtbased.dll
 0002:00017603       _wcscpy_s                  10028603 f   ucrtd:ucrtbased.dll
 0002:00017609       _GetCurrentThreadId@0      10028609 f   kernel32:KERNEL32.dll
 0002:0001760f       _IsDebuggerPresent@0       1002860f f   kernel32:KERNEL32.dll
 0002:00017615       _RaiseException@16         10028615 f   kernel32:KERNEL32.dll
 0002:0001761b       _MultiByteToWideChar@24    1002861b f   kernel32:KERNEL32.dll
 0002:00017621       _WideCharToMultiByte@32    10028621 f   kernel32:KERNEL32.dll
 0002:00017627       _UnhandledExceptionFilter@4 10028627 f   kernel32:KERNEL32.dll
 0002:0001762d       _SetUnhandledExceptionFilter@4 1002862d f   kernel32:KERNEL32.dll
 0002:00017633       _GetCurrentProcess@0       10028633 f   kernel32:KERNEL32.dll
 0002:00017639       _TerminateProcess@8        10028639 f   kernel32:KERNEL32.dll
 0002:0001763f       _IsProcessorFeaturePresent@4 1002863f f   kernel32:KERNEL32.dll
 0002:00017645       _QueryPerformanceCounter@4 10028645 f   kernel32:KERNEL32.dll
 0002:0001764b       _GetCurrentProcessId@0     1002864b f   kernel32:KERNEL32.dll
 0002:00017651       _GetSystemTimeAsFileTime@4 10028651 f   kernel32:KERNEL32.dll
 0002:00017657       _InitializeSListHead@4     10028657 f   kernel32:KERNEL32.dll
 0002:0001765d       _GetStartupInfoW@4         1002865d f   kernel32:KERNEL32.dll
 0002:00017663       _GetModuleHandleW@4        10028663 f   kernel32:KERNEL32.dll
 0002:00017669       _GetLastError@0            10028669 f   kernel32:KERNEL32.dll
 0002:0001766f       _HeapAlloc@12              1002866f f   kernel32:KERNEL32.dll
 0002:00017675       _HeapFree@12               10028675 f   kernel32:KERNEL32.dll
 0002:0001767b       _GetProcessHeap@0          1002867b f   kernel32:KERNEL32.dll
 0002:00017681       _VirtualQuery@12           10028681 f   kernel32:KERNEL32.dll
 0002:00017687       _FreeLibrary@4             10028687 f   kernel32:KERNEL32.dll
 0002:0001768d       _GetProcAddress@8          1002868d f   kernel32:KERNEL32.dll
 0002:000176a0       ___scrt_stub_for_acrt_initialize 100286a0 f   MSVCRTD:ucrt_stubs.obj
 0002:000176a0       ___acrt_initialize         100286a0 f   MSVCRTD:ucrt_stubs.obj
 0002:000176a0       ___vcrt_initialize         100286a0 f   MSVCRTD:ucrt_stubs.obj
 0002:000176b0       ___scrt_stub_for_acrt_thread_attach 100286b0 f   MSVCRTD:ucrt_stubs.obj
 0002:000176b0       ___acrt_thread_attach      100286b0 f   MSVCRTD:ucrt_stubs.obj
 0002:000176b0       ___vcrt_thread_attach      100286b0 f   MSVCRTD:ucrt_stubs.obj
 0002:000176c0       ___acrt_thread_detach      100286c0 f   MSVCRTD:ucrt_stubs.obj
 0002:000176c0       ___scrt_stub_for_acrt_thread_detach 100286c0 f   MSVCRTD:ucrt_stubs.obj
 0002:000176c0       ___vcrt_thread_detach      100286c0 f   MSVCRTD:ucrt_stubs.obj
 0002:000176d0       ___vcrt_uninitialize       100286d0 f   MSVCRTD:ucrt_stubs.obj
 0002:000176d0       ___acrt_uninitialize       100286d0 f   MSVCRTD:ucrt_stubs.obj
 0002:000176d0       ___scrt_stub_for_acrt_uninitialize 100286d0 f   MSVCRTD:ucrt_stubs.obj
 0002:000176e0       ___vcrt_uninitialize_critical 100286e0 f   MSVCRTD:ucrt_stubs.obj
 0002:000176e0       ___acrt_uninitialize_critical 100286e0 f   MSVCRTD:ucrt_stubs.obj
 0002:000176e0       ___scrt_stub_for_acrt_uninitialize_critical 100286e0 f   MSVCRTD:ucrt_stubs.obj
 0002:000176f0       __is_c_termination_complete 100286f0 f   MSVCRTD:ucrt_stubs.obj
 0002:000176f0       ___scrt_stub_for_is_c_termination_complete 100286f0 f   MSVCRTD:ucrt_stubs.obj
 0002:00017700       __filter_x86_sse2_floating_point_exception_default 10028700 f   MSVCRTD:x86_exception_filter.obj
 0002:00017700       __filter_x86_sse2_floating_point_exception 10028700 f   MSVCRTD:x86_exception_filter.obj
 0003:00000000       ___xc_a                    1002d000     MSVCRTD:initializers.obj
 0003:00000104       ___xc_z                    1002d104     MSVCRTD:initializers.obj
 0003:00000208       ___xi_a                    1002d208     MSVCRTD:initializers.obj
 0003:0000030c       ___xi_z                    1002d30c     MSVCRTD:initializers.obj
 0003:00000410       ___xp_a                    1002d410     MSVCRTD:initializers.obj
 0003:00000514       ___xp_z                    1002d514     MSVCRTD:initializers.obj
 0003:00000618       ___xt_a                    1002d618     MSVCRTD:initializers.obj
 0003:0000071c       ___xt_z                    1002d71c     MSVCRTD:initializers.obj
 0003:00000824       ??_7exception@std@@6B@     1002d824     Utility.obj
 0003:00000830       ??_C@_0BC@EOODALEL@Unknown?5exception@ 1002d830     Utility.obj
 0003:0000084c       ??_7bad_alloc@std@@6B@     1002d84c     Utility.obj
 0003:0000085c       ??_7bad_array_new_length@std@@6B@ 1002d85c     Utility.obj
 0003:00000868       ??_C@_0BF@KINCDENJ@bad?5array?5new?5length@ 1002d868     Utility.obj
 0003:00000884       ??_C@_0BB@FCMFBGOM@invalid?5argument@ 1002d884     Utility.obj
 0003:00000898       ??_C@_02DKCKIIND@?$CFs@    1002d898     Utility.obj
 0003:000008a0       ??_C@_0GI@CLKHGMEI@C?3?2Program?5Files?5?$CIx86?$CJ?2Microsof@ 1002d8a0     Utility.obj
 0003:00000920       ??_C@_1NA@PDNNFCLD@?$AAC?$AA?3?$AA?2?$AAP?$AAr?$AAo?$AAg?$AAr?$AAa?$AAm?$AA?5?$AAF?$AAi?$AAl?$AAe@ 1002d920     Utility.obj
 0003:00000a20       ??_C@_1EK@NIFDJFDG@?$AAs?$AAt?$AAd?$AA?3?$AA?3?$AA_?$AAA?$AAd?$AAj?$AAu?$AAs?$AAt?$AA_?$AAm?$AAa@ 1002da20     Utility.obj
[...]
 0004:000005e0       ?_RTC_ErrorReportFuncW@@3P6AHHPB_WH00ZZA 100335e0     MSVCRTD:userapi.obj
 0004:000005e8       _GS_ExceptionRecord        100335e8     MSVCRTD:gs_report.obj
 0004:00000638       _GS_ContextRecord          10033638     MSVCRTD:gs_report.obj
 0004:000009cc       ?is_initialized_as_dll@@3_NA 100339cc     MSVCRTD:utility.obj
 0004:000009cd       ?module_local_atexit_table_initialized@@3_NA 100339cd     MSVCRTD:utility.obj
 0004:000009d0       ?module_local_atexit_table@@3U_onexit_table_t@@A 100339d0     MSVCRTD:utility.obj
 0004:000009dc       ?module_local_at_quick_exit_table@@3U_onexit_table_t@@A 100339dc     MSVCRTD:utility.obj
 0004:000009f8       ?mspdb@@3PAUHINSTANCE__@@A 100339f8     MSVCRTD:pdblkup.obj
 0004:000009fc       ?alreadyTried@?1??GetPdbDll@@YAPAUHINSTANCE__@@XZ@4_NA 100339fc     MSVCRTD:pdblkup.obj
 0004:000009fd       ?PDBOK@?1??_RTC_GetSrcLine@@YAHPAEPA_WKPAH1K@Z@4_NA 100339fd     MSVCRTD:pdblkup.obj
 0005:000008c0       .idata$6                   100348c0     msvcprtd:MSVCP140D.dll
 0005:00000a1a       .idata$6                   10034a1a     vcruntimed:VCRUNTIME140D.dll
 0005:00000bfa       .idata$6                   10034bfa     ucrtd:ucrtbased.dll
 0005:00000dde       .idata$6                   10034dde     kernel32:KERNEL32.dll
 0006:00000000       __7242C389_ctype@h         10035000     dllmain.obj
 0006:00000001       __90A1F774_basetsd@h       10035001     dllmain.obj
 0006:00000002       __367CC694_corecrt_memcpy_s@h 10035002     dllmain.obj
 0006:00000003       __35D7DDB3_corecrt_memory@h 10035003     dllmain.obj
 0006:00000004       __DC9673E3_corecrt_wstring@h 10035004     dllmain.obj
 0006:00000005       __A29A7DFB_string@h        10035005     dllmain.obj
 0006:00000006       __3C23D660_guiddef@h       10035006     dllmain.obj
 0006:00000007       __AF541008_winnt@h         10035007     dllmain.obj
 0006:00000008       __0D001789_processthreadsapi@h 10035008     dllmain.obj
 0006:00000009       __F972325D_memoryapi@h     10035009     dllmain.obj
 0006:0000000a       __76CD430D_winerror@h      1003500a     dllmain.obj
 0006:0000000b       __737D49DB_winbase@h       1003500b     dllmain.obj
 0006:0000000c       __1B9502AC_winuser@h       1003500c     dllmain.obj
 0006:0000000d       __376EBCA0_winioctl@h      1003500d     dllmain.obj
 0006:0000000e       __24E9E95F_stdlib@h        1003500e     dllmain.obj
 0006:0000000f       __2CCBBE23_propidl@h       1003500f     dllmain.obj
 0006:00000010       __AD360DAF_oleauto@h       10035010     dllmain.obj
 0006:00000011       __0396F1A5_stralign@h      10035011     dllmain.obj
 0006:00000012       __188A7FEE_dllmain@cpp     10035012     dllmain.obj
 0006:00000016       __2B31710D_vcruntime_new@h 10035016     Utility.obj
 0006:00000017       __F66CEB67_corecrt_stdio_config@h 10035017     Utility.obj
 0006:00000018       __101834BA_corecrt_wstdio@h 10035018     Utility.obj
 0006:00000019       __AD6A91B7_stdio@h         10035019     Utility.obj
 0006:0000001a       __367CC694_corecrt_memcpy_s@h 1003501a     Utility.obj
 0006:0000001b       __35D7DDB3_corecrt_memory@h 1003501b     Utility.obj
 0006:0000001c       __DC9673E3_corecrt_wstring@h 1003501c     Utility.obj
 0006:0000001d       __A29A7DFB_string@h        1003501d     Utility.obj
 0006:0000001e       __5467428D_corecrt_wconio@h 1003501e     Utility.obj
 0006:0000001f       __4442441F_corecrt_wio@h   1003501f     Utility.obj
 0006:00000020       __45F4AF76_corecrt_wtime@h 10035020     Utility.obj
 0006:00000021       __186FF47F_stat@h          10035021     Utility.obj
 0006:00000022       __534C724A_wchar@h         10035022     Utility.obj
 0006:00000023       __09340588_corecrt_math@h  10035023     Utility.obj
 0006:00000024       __24E9E95F_stdlib@h        10035024     Utility.obj
 0006:00000025       __ACEB72CA_cstdlib         10035025     Utility.obj
 0006:00000026       __D63D5DDA_limits          10035026     Utility.obj
 0006:00000027       __2D26A21E_type_traits     10035027     Utility.obj
 0006:00000028       __B0C4CEA9_malloc@h        10035028     Utility.obj
 0006:00000029       __49CBC5C5_vcruntime_exception@h 10035029     Utility.obj
 0006:0000002a       __8B12B611_exception       1003502a     Utility.obj
 0006:0000002b       __F4CD6065_xutility        1003502b     Utility.obj
 0006:0000002c       __F1739482_xmemory         1003502c     Utility.obj
 0006:0000002d       __85A0121E_xstring         1003502d     Utility.obj
 0006:0000002e       __7242C389_ctype@h         1003502e     Utility.obj
 0006:0000002f       __1E40D7C8_string          1003502f     Utility.obj
 0006:00000030       __04BBFB62_cmath           10035030     Utility.obj
 0006:00000031       __025C8C4C_stdexcept       10035031     Utility.obj
 0006:00000032       __127BCABE_xcall_once@h    10035032     Utility.obj
 0006:00000033       __8AA3BE86_time@h          10035033     Utility.obj
 0006:00000034       __0E11DA62_xthreads@h      10035034     Utility.obj
 0006:00000035       __BD080118_atomic          10035035     Utility.obj
 0006:00000036       __AD26D89E_system_error    10035036     Utility.obj
 0006:00000037       __B68D2755_vcruntime_typeinfo@h 10035037     Utility.obj
 0006:00000038       __8412937C_typeinfo        10035038     Utility.obj
 0006:00000039       __6A935154_memory          10035039     Utility.obj
 0006:0000003a       __46D6065B_xfacet          1003503a     Utility.obj
 0006:0000003b       __9B9B70B4_xlocinfo        1003503b     Utility.obj
 0006:0000003c       __5A9E662F_xlocale         1003503c     Utility.obj
 0006:0000003d       __A27E07A7_xiosbase        1003503d     Utility.obj
 0006:0000003e       __C4190038_xlocnum         1003503e     Utility.obj
 0006:0000003f       __A1E1ADF7_ios             1003503f     Utility.obj
 0006:00000040       __76929153_xlocmes         10035040     Utility.obj
 0006:00000041       __EF7B1500_xlocmon         10035041     Utility.obj
 0006:00000042       __3F86D9A6_xloctime        10035042     Utility.obj
 0006:00000043       __7877D962_Utility@cc      10035043     Utility.obj
 0006:00000044       __34272D16_initializer_list 10035044     Utility.obj
 0006:00000045       __9B902D3A_vector          10035045     Utility.obj
 0006:00000046       __3271BC3F_codecvt         10035046     Utility.obj
 0006:00000047       __5AD120D4_xlocbuf         10035047     Utility.obj
 0006:00000048       __C17EA3F9_locale          10035048     Utility.obj
 0006:00000049       __2A5E89D1_istream         10035049     Utility.obj
 0006:0000004a       __498EBCEB_ostream         1003504a     Utility.obj
 0006:0000004b       __00FC34F0_streambuf       1003504b     Utility.obj
 0006:0000004c       __E561D725_iterator        1003504c     Utility.obj
 0006:0000004d       __1AD4885C_iosfwd          1003504d     Utility.obj
 0006:0000004e       __9BE6F741_utility         1003504e     Utility.obj
 0006:0000004f       __6CF96053_xstddef         1003504f     Utility.obj
 0006:00000050       __811E3AC7_xatomic@h       10035050     Utility.obj
 0008:00000170       $R000000                   10037170     * linker generated manifest res *

 Exports

  ordinal    name

        1    ?AlphaNumeric@Stringz@@YA?AV?$basic_string@DU?$char_traits@D@std@@V?$allocator@D@2@@std@@XZ (class std::basic_string<char,struct std::char_traits<char>,class std::allocator<char> > __cdecl Stringz::AlphaNumeric(void))
        2    ?Alphabet@Stringz@@YA?AV?$basic_string@DU?$char_traits@D@std@@V?$allocator@D@2@@std@@XZ (class std::basic_string<char,struct std::char_traits<char>,class std::allocator<char> > __cdecl Stringz::Alphabet(void))
        3    ?GetAlphaLocations@Stringz@@YA?AV?$vector@HV?$allocator@H@std@@@std@@ABV?$basic_string@DU?$char_traits@D@std@@V?$allocator@D@2@@3@@Z (class std::vector<int,class std::allocator<int> > __cdecl Stringz::GetAlphaLocations(class std::basic_string<char,struct std::char_traits<char>,class std::allocator<char> > const &))
        4    ?GetAlphaNumericLocations@Stringz@@YA?AV?$vector@HV?$allocator@H@std@@@std@@ABV?$basic_string@DU?$char_traits@D@std@@V?$allocator@D@2@@3@@Z (class std::vector<int,class std::allocator<int> > __cdecl Stringz::GetAlphaNumericLocations(class std::basic_string<char,struct std::char_traits<char>,class std::allocator<char> > const &))
        5    ?GetNumericLocations@Stringz@@YA?AV?$vector@HV?$allocator@H@std@@@std@@ABV?$basic_string@DU?$char_traits@D@std@@V?$allocator@D@2@@3@@Z (class std::vector<int,class std::allocator<int> > __cdecl Stringz::GetNumericLocations(class std::basic_string<char,struct std::char_traits<char>,class std::allocator<char> > const &))
        6    ?GetSpecialLocations@Stringz@@YA?AV?$vector@HV?$allocator@H@std@@@std@@ABV?$basic_string@DU?$char_traits@D@std@@V?$allocator@D@2@@3@@Z (class std::vector<int,class std::allocator<int> > __cdecl Stringz::GetSpecialLocations(class std::basic_string<char,struct std::char_traits<char>,class std::allocator<char> > const &))
        7    ?GetWhitespaceLocations@Stringz@@YA?AV?$vector@HV?$allocator@H@std@@@std@@ABV?$basic_string@DU?$char_traits@D@std@@V?$allocator@D@2@@3@@Z (class std::vector<int,class std::allocator<int> > __cdecl Stringz::GetWhitespaceLocations(class std::basic_string<char,struct std::char_traits<char>,class std::allocator<char> > const &))
        8    ?HasAlpha@Stringz@@YA_NABV?$basic_string@DU?$char_traits@D@std@@V?$allocator@D@2@@std@@@Z (bool __cdecl Stringz::HasAlpha(class std::basic_string<char,struct std::char_traits<char>,class std::allocator<char> > const &))
        9    ?HasNumeric@Stringz@@YA_NABV?$basic_string@DU?$char_traits@D@std@@V?$allocator@D@2@@std@@@Z (bool __cdecl Stringz::HasNumeric(class std::basic_string<char,struct std::char_traits<char>,class std::allocator<char> > const &))
       10    ?HasSpecialChar@Stringz@@YA_NABV?$basic_string@DU?$char_traits@D@std@@V?$allocator@D@2@@std@@@Z (bool __cdecl Stringz::HasSpecialChar(class std::basic_string<char,struct std::char_traits<char>,class std::allocator<char> > const &))
       11    ?HasWhitespace@Stringz@@YA_NABV?$basic_string@DU?$char_traits@D@std@@V?$allocator@D@2@@std@@@Z (bool __cdecl Stringz::HasWhitespace(class std::basic_string<char,struct std::char_traits<char>,class std::allocator<char> > const &))
       12    ?IsAlpha@Stringz@@YA_NABV?$basic_string@DU?$char_traits@D@std@@V?$allocator@D@2@@std@@@Z (bool __cdecl Stringz::IsAlpha(class std::basic_string<char,struct std::char_traits<char>,class std::allocator<char> > const &))
       13    ?IsAlpha@Stringz@@YA_ND@Z (bool __cdecl Stringz::IsAlpha(char))
       14    ?IsAlphaNumeric@Stringz@@YA_NABV?$basic_string@DU?$char_traits@D@std@@V?$allocator@D@2@@std@@@Z (bool __cdecl Stringz::IsAlphaNumeric(class std::basic_string<char,struct std::char_traits<char>,class std::allocator<char> > const &))
       15    ?IsAlphaNumeric@Stringz@@YA_ND@Z (bool __cdecl Stringz::IsAlphaNumeric(char))
       16    ?IsBinary@Stringz@@YA_NABV?$basic_string@DU?$char_traits@D@std@@V?$allocator@D@2@@std@@@Z (bool __cdecl Stringz::IsBinary(class std::basic_string<char,struct std::char_traits<char>,class std::allocator<char> > const &))
       17    ?IsDouble@Stringz@@YA_NABV?$basic_string@DU?$char_traits@D@std@@V?$allocator@D@2@@std@@@Z (bool __cdecl Stringz::IsDouble(class std::basic_string<char,struct std::char_traits<char>,class std::allocator<char> > const &))
       18    ?IsFloat@Stringz@@YA_NABV?$basic_string@DU?$char_traits@D@std@@V?$allocator@D@2@@std@@@Z (bool __cdecl Stringz::IsFloat(class std::basic_string<char,struct std::char_traits<char>,class std::allocator<char> > const &))
       19    ?IsHex@Stringz@@YA_NABV?$basic_string@DU?$char_traits@D@std@@V?$allocator@D@2@@std@@@Z (bool __cdecl Stringz::IsHex(class std::basic_string<char,struct std::char_traits<char>,class std::allocator<char> > const &))
       20    ?IsLower@Stringz@@YA_ND@Z (bool __cdecl Stringz::IsLower(char))
       21    ?IsNumeric@Stringz@@YA_NABV?$basic_string@DU?$char_traits@D@std@@V?$allocator@D@2@@std@@@Z (bool __cdecl Stringz::IsNumeric(class std::basic_string<char,struct std::char_traits<char>,class std::allocator<char> > const &))
       22    ?IsNumeric@Stringz@@YA_ND@Z (bool __cdecl Stringz::IsNumeric(char))
       23    ?IsSpecialChar@Stringz@@YA_NABV?$basic_string@DU?$char_traits@D@std@@V?$allocator@D@2@@std@@@Z (bool __cdecl Stringz::IsSpecialChar(class std::basic_string<char,struct std::char_traits<char>,class std::allocator<char> > const &))
       24    ?IsSpecialChar@Stringz@@YA_ND@Z (bool __cdecl Stringz::IsSpecialChar(char))
       25    ?IsUpper@Stringz@@YA_ND@Z (bool __cdecl Stringz::IsUpper(char))
       26    ?IsWhitespace@Stringz@@YA_NABV?$basic_string@DU?$char_traits@D@std@@V?$allocator@D@2@@std@@@Z (bool __cdecl Stringz::IsWhitespace(class std::basic_string<char,struct std::char_traits<char>,class std::allocator<char> > const &))
       27    ?IsWhitespace@Stringz@@YA_ND@Z (bool __cdecl Stringz::IsWhitespace(char))
       28    ?Locate@Stringz@@YA?AV?$vector@HV?$allocator@H@std@@@std@@ABV?$basic_string@DU?$char_traits@D@std@@V?$allocator@D@2@@3@0@Z (class std::vector<int,class std::allocator<int> > __cdecl Stringz::Locate(class std::basic_string<char,struct std::char_traits<char>,class std::allocator<char> > const &,class std::basic_string<char,struct std::char_traits<char>,class std::allocator<char> > const &))
       29    ?Numbers@Stringz@@YA?AV?$basic_string@DU?$char_traits@D@std@@V?$allocator@D@2@@std@@XZ (class std::basic_string<char,struct std::char_traits<char>,class std::allocator<char> > __cdecl Stringz::Numbers(void))
       30    ?Remove@Stringz@@YA?AV?$basic_string@DU?$char_traits@D@std@@V?$allocator@D@2@@std@@ABV23@0@Z (class std::basic_string<char,struct std::char_traits<char>,class std::allocator<char> > __cdecl Stringz::Remove(class std::basic_string<char,struct std::char_traits<char>,class std::allocator<char> > const &,class std::basic_string<char,struct std::char_traits<char>,class std::allocator<char> > const &))
       31    ?Remove@Stringz@@YA?AV?$basic_string@DU?$char_traits@D@std@@V?$allocator@D@2@@std@@ABV23@ABV?$initializer_list@D@3@@Z (class std::basic_string<char,struct std::char_traits<char>,class std::allocator<char> > __cdecl Stringz::Remove(class std::basic_string<char,struct std::char_traits<char>,class std::allocator<char> > const &,class std::initializer_list<char> const &))
       32    ?Remove@Stringz@@YA?AV?$basic_string@DU?$char_traits@D@std@@V?$allocator@D@2@@std@@ABV23@ABV?$initializer_list@V?$basic_string@DU?$char_traits@D@std@@V?$allocator@D@2@@std@@@3@@Z (class std::basic_string<char,struct std::char_traits<char>,class std::allocator<char> > __cdecl Stringz::Remove(class std::basic_string<char,struct std::char_traits<char>,class std::allocator<char> > const &,class std::initializer_list<class std::basic_string<char,struct std::char_traits<char>,class std::allocator<char> > > const &))
       33    ?Remove@Stringz@@YA?AV?$basic_string@DU?$char_traits@D@std@@V?$allocator@D@2@@std@@ABV23@D@Z (class std::basic_string<char,struct std::char_traits<char>,class std::allocator<char> > __cdecl Stringz::Remove(class std::basic_string<char,struct std::char_traits<char>,class std::allocator<char> > const &,char))
       34    ?RemoveEachOf@Stringz@@YA?AV?$basic_string@DU?$char_traits@D@std@@V?$allocator@D@2@@std@@ABV23@0@Z (class std::basic_string<char,struct std::char_traits<char>,class std::allocator<char> > __cdecl Stringz::RemoveEachOf(class std::basic_string<char,struct std::char_traits<char>,class std::allocator<char> > const &,class std::basic_string<char,struct std::char_traits<char>,class std::allocator<char> > const &))
       35    ?Replace@Stringz@@YA?AV?$basic_string@DU?$char_traits@D@std@@V?$allocator@D@2@@std@@ABV23@00@Z (class std::basic_string<char,struct std::char_traits<char>,class std::allocator<char> > __cdecl Stringz::Replace(class std::basic_string<char,struct std::char_traits<char>,class std::allocator<char> > const &,class std::basic_string<char,struct std::char_traits<char>,class std::allocator<char> > const &,class std::basic_string<char,struct std::char_traits<char>,class std::allocator<char> > const &))
       36    ?Scale@Stringz@@YA?AV?$basic_string@DU?$char_traits@D@std@@V?$allocator@D@2@@std@@ABV23@I@Z (class std::basic_string<char,struct std::char_traits<char>,class std::allocator<char> > __cdecl Stringz::Scale(class std::basic_string<char,struct std::char_traits<char>,class std::allocator<char> > const &,unsigned int))
       37    ?SpecialChars@Stringz@@YA?AV?$basic_string@DU?$char_traits@D@std@@V?$allocator@D@2@@std@@XZ (class std::basic_string<char,struct std::char_traits<char>,class std::allocator<char> > __cdecl Stringz::SpecialChars(void))
       38    ?Split@Stringz@@YA?AV?$vector@V?$basic_string@DU?$char_traits@D@std@@V?$allocator@D@2@@std@@V?$allocator@V?$basic_string@DU?$char_traits@D@std@@V?$allocator@D@2@@std@@@2@@std@@ABV?$basic_string@DU?$char_traits@D@std@@V?$allocator@D@2@@3@0@Z (class std::vector<class std::basic_string<char,struct std::char_traits<char>,class std::allocator<char> >,class std::allocator<class std::basic_string<char,struct std::char_traits<char>,class std::allocator<char> > > > __cdecl Stringz::Split(class std::basic_string<char,struct std::char_traits<char>,class std::allocator<char> > const &,class std::basic_string<char,struct std::char_traits<char>,class std::allocator<char> > const &))
       39    ?Split@Stringz@@YA?AV?$vector@V?$basic_string@DU?$char_traits@D@std@@V?$allocator@D@2@@std@@V?$allocator@V?$basic_string@DU?$char_traits@D@std@@V?$allocator@D@2@@std@@@2@@std@@ABV?$basic_string@DU?$char_traits@D@std@@V?$allocator@D@2@@3@D@Z (class std::vector<class std::basic_string<char,struct std::char_traits<char>,class std::allocator<char> >,class std::allocator<class std::basic_string<char,struct std::char_traits<char>,class std::allocator<char> > > > __cdecl Stringz::Split(class std::basic_string<char,struct std::char_traits<char>,class std::allocator<char> > const &,char))
       40    ?StartsWithANumber@Stringz@@YA_NABV?$basic_string@DU?$char_traits@D@std@@V?$allocator@D@2@@std@@@Z (bool __cdecl Stringz::StartsWithANumber(class std::basic_string<char,struct std::char_traits<char>,class std::allocator<char> > const &))
       41    ?Strip@Stringz@@YA?AV?$basic_string@DU?$char_traits@D@std@@V?$allocator@D@2@@std@@ABV23@0@Z (class std::basic_string<char,struct std::char_traits<char>,class std::allocator<char> > __cdecl Stringz::Strip(class std::basic_string<char,struct std::char_traits<char>,class std::allocator<char> > const &,class std::basic_string<char,struct std::char_traits<char>,class std::allocator<char> > const &))
       42    ?ToLower@Stringz@@YA?AV?$basic_string@DU?$char_traits@D@std@@V?$allocator@D@2@@std@@ABV23@@Z (class std::basic_string<char,struct std::char_traits<char>,class std::allocator<char> > __cdecl Stringz::ToLower(class std::basic_string<char,struct std::char_traits<char>,class std::allocator<char> > const &))
       43    ?ToUpper@Stringz@@YA?AV?$basic_string@DU?$char_traits@D@std@@V?$allocator@D@2@@std@@ABV23@@Z (class std::basic_string<char,struct std::char_traits<char>,class std::allocator<char> > __cdecl Stringz::ToUpper(class std::basic_string<char,struct std::char_traits<char>,class std::allocator<char> > const &))
       44    ?WString@Stringz@@YA?AV?$basic_string@_WU?$char_traits@_W@std@@V?$allocator@_W@2@@std@@ABV?$basic_string@DU?$char_traits@D@std@@V?$allocator@D@2@@3@@Z (class std::basic_string<wchar_t,struct std::char_traits<wchar_t>,class std::allocator<wchar_t> > __cdecl Stringz::WString(class std::basic_string<char,struct std::char_traits<char>,class std::allocator<char> > const &))
       45    ?Whitespace@Stringz@@YA?AV?$basic_string@DU?$char_traits@D@std@@V?$allocator@D@2@@std@@XZ (class std::basic_string<char,struct std::char_traits<char>,class std::allocator<char> > __cdecl Stringz::Whitespace(void))
